Archive member included because of file (symbol)

g:/arm-eabi/bin/../lib/gcc/arm-none-eabi/4.9.3/armv7e-m/fpu\libgcc.a(_arm_addsubdf3.o)
                              ..\obj\main.o (__aeabi_dsub)
g:/arm-eabi/bin/../lib/gcc/arm-none-eabi/4.9.3/armv7e-m/fpu\libgcc.a(_arm_truncdfsf2.o)
                              ..\obj\main.o (__aeabi_d2f)
g:/arm-eabi/bin/../lib/gcc/arm-none-eabi/4.9.3/../../../../arm-none-eabi/lib/armv7e-m/fpu\libg.a(lib_a-memcpy.o)
                              ..\obj\usbd_audio_core.o (memcpy)
g:/arm-eabi/bin/../lib/gcc/arm-none-eabi/4.9.3/../../../../arm-none-eabi/lib/armv7e-m/fpu\libg.a(lib_a-memset.o)
                              ..\obj\arm_fir_interpolate_init_q31.o (memset)

Allocating common symbols
Common symbol       size              file

dac_play_size       0x2               ..\obj\stm32f4_discovery_audio_codec.o
CurrentPos          0x4               ..\obj\stm32f4_discovery_audio_codec.o
oldgap              0x4               ..\obj\usbd_audio_core.o
tmpxx               0x4               ..\obj\usbd_audio_core.o
APP_Tx_Buffer       0x800             ..\obj\usbd_audio_core.o
AudioCtl            0x40              ..\obj\usbd_audio_core.o
IsocOutBuff         0x600             ..\obj\usbd_audio_core.o
dgap                0x4               ..\obj\usbd_audio_core.o
DDS_buf             0x1800            ..\obj\mpx.o
m_volRDS            0x4               ..\obj\mpx.o
mingap              0x4               ..\obj\usbd_audio_core.o
xbuf                0x4               ..\obj\main.o
tmpbuf              0xd0              ..\obj\usbd_audio_core.o
Audio2              0x180             ..\obj\main.o
TimingDelay         0x4               ..\obj\main.o
dac_play_ptr        0x4               ..\obj\stm32f4_discovery_audio_codec.o
test                0xa               ..\obj\main.o
mmm                 0x4               ..\obj\main.o
APP_tx_ptr_tail     0x4               ..\obj\usbd_audio_core.o
USB_Rx_Buffer       0x40              ..\obj\usbd_audio_core.o
AUDIO_MAL_DMA_InitStructure
                    0x3c              ..\obj\stm32f4_discovery_audio_codec.o
FB_buf              0xc00             ..\obj\mpx.o
DAC_buf             0xc00             ..\obj\mpx.o
FM_buffer_fill      0x1               ..\obj\mpx.o
CmdBuff             0xa               ..\obj\usbd_audio_core.o
nnn                 0x4               ..\obj\main.o
FTW                 0x4               ..\obj\pllsynth.o
corr                0x4               ..\obj\usbd_audio_core.o
var                 0x4               ..\obj\main.o
USB_OTG_dev         0x5f4             ..\obj\main.o
Buffer              0x6               ..\obj\main.o
maxgap              0x4               ..\obj\usbd_audio_core.o
APP_Rx_Buffer       0x800             ..\obj\usbd_audio_core.o
gap                 0x4               ..\obj\usbd_audio_core.o
NVIC_InitStructure  0x4               ..\obj\stm32f4_discovery.o
RCC_Clocks          0x10              ..\obj\main.o
Audio               0x180             ..\obj\main.o
MPX_buf             0x1800            ..\obj\mpx.o
USBD_StrDesc        0xc8              ..\obj\usbd_req.o
DMA_InitStructure   0x3c              ..\obj\stm32f4_discovery_audio_codec.o
cfr                 0x5               ..\obj\pllsynth.o
audio_buffer_fill   0x1               ..\obj\mpx.o
dac_play_cnt        0x2               ..\obj\stm32f4_discovery_audio_codec.o
APP_tx_ptr_head     0x4               ..\obj\usbd_audio_core.o

Discarded input sections

 .bss           0x00000000        0x0 ..\obj\stm32f4_discovery.o
 COMMON         0x00000000        0x4 ..\obj\stm32f4_discovery.o
 .data          0x00000000        0x0 ..\obj\stm32f4xx_tim.o
 .bss           0x00000000        0x0 ..\obj\stm32f4xx_tim.o
 .text          0x00000000       0x38 ..\obj\arm_fir_interpolate_init_q31.o
 .data          0x00000000        0x0 ..\obj\arm_fir_interpolate_init_q31.o
 .bss           0x00000000        0x0 ..\obj\arm_fir_interpolate_init_q31.o
 .debug_info    0x00000000      0x246 ..\obj\arm_fir_interpolate_init_q31.o
 .debug_abbrev  0x00000000      0x10b ..\obj\arm_fir_interpolate_init_q31.o
 .debug_loc     0x00000000      0x134 ..\obj\arm_fir_interpolate_init_q31.o
 .debug_aranges
                0x00000000       0x20 ..\obj\arm_fir_interpolate_init_q31.o
 .debug_line    0x00000000      0x13d ..\obj\arm_fir_interpolate_init_q31.o
 .debug_str     0x00000000      0x2f4 ..\obj\arm_fir_interpolate_init_q31.o
 .comment       0x00000000       0x71 ..\obj\arm_fir_interpolate_init_q31.o
 .debug_frame   0x00000000       0x2c ..\obj\arm_fir_interpolate_init_q31.o
 .ARM.attributes
                0x00000000       0x39 ..\obj\arm_fir_interpolate_init_q31.o
 .text          0x00000000      0x1a4 ..\obj\stm32f4xx_dcmi.o
 .data          0x00000000        0x0 ..\obj\stm32f4xx_dcmi.o
 .bss           0x00000000        0x0 ..\obj\stm32f4xx_dcmi.o
 .debug_info    0x00000000      0x54e ..\obj\stm32f4xx_dcmi.o
 .debug_abbrev  0x00000000      0x1a5 ..\obj\stm32f4xx_dcmi.o
[...]
Memory Configuration

Name             Origin             Length             Attributes
rom              0x08000000         0x00100000         xr
ram              0x20000000         0x00020000         xrw
ram1             0x10000000         0x00010000         xrw
*default*        0x00000000         0xffffffff

Linker script and memory map

                0x20020000                _eram = 0x20020000

.text           0x08000000    0x11934
 *(.isr_vector)
 .isr_vector    0x08000000      0x188 ..\obj\startup_stm32f4xx.o
                0x08000000                g_pfnVectors
 *(.text*)
 .text          0x08000188      0x138 ..\obj\stm32f4_discovery.o
                0x08000188                STM_EVAL_LEDInit
                0x080001d0                STM_EVAL_LEDOn
                0x080001ec                STM_EVAL_LEDOff
                0x08000208                STM_EVAL_LEDToggle
                0x08000228                STM_EVAL_PBInit
                0x080002a8                STM_EVAL_PBGetState
 .text          0x080002c0      0xdd0 ..\obj\stm32f4xx_tim.o
                0x080002c0                TIM_DeInit
                0x08000478                TIM_TimeBaseInit
                0x08000510                TIM_TimeBaseStructInit
                0x08000524                TIM_PrescalerConfig
                0x0800052c                TIM_CounterModeConfig
                0x0800053c                TIM_SetCounter
                0x08000540                TIM_SetAutoreload
                0x08000544                TIM_GetCounter
                0x08000548                TIM_GetPrescaler
                0x08000550                TIM_UpdateDisableConfig
                0x0800056c                TIM_UpdateRequestConfig
                0x08000588                TIM_ARRPreloadConfig
                0x080005a4                TIM_SelectOnePulseMode
                0x080005bc                TIM_SetClockDivision
                0x080005d4                TIM_Cmd
                0x080005f0                TIM_OC1Init
                0x08000674                TIM_OC2Init
                0x08000704                TIM_OC3Init
                0x08000794                TIM_OC4Init
                0x08000808                TIM_OCStructInit
                0x0800081c                TIM_SelectOCxM
                0x0800086c                TIM_SetCompare1
                0x08000870                TIM_SetCompare2
                0x08000874                TIM_SetCompare3
                0x08000878                TIM_SetCompare4
                0x0800087c                TIM_ForcedOC1Config
                0x0800088c                TIM_ForcedOC2Config
                0x080008a0                TIM_ForcedOC3Config
                0x080008b0                TIM_ForcedOC4Config
                0x080008c4                TIM_OC1PreloadConfig
                0x080008d4                TIM_OC2PreloadConfig
                0x080008e8                TIM_OC3PreloadConfig
                0x080008f8                TIM_OC4PreloadConfig
                0x0800090c                TIM_OC1FastConfig
                0x0800091c                TIM_OC2FastConfig
                0x08000930                TIM_OC3FastConfig
                0x08000940                TIM_OC4FastConfig
                0x08000954                TIM_ClearOC1Ref
                0x08000964                TIM_ClearOC2Ref
                0x08000974                TIM_ClearOC3Ref
                0x08000984                TIM_ClearOC4Ref
                0x08000994                TIM_OC1PolarityConfig
                0x080009a4                TIM_OC1NPolarityConfig
                0x080009b4                TIM_OC2PolarityConfig
                0x080009c8                TIM_OC2NPolarityConfig
                0x080009dc                TIM_OC3PolarityConfig
                0x080009f0                TIM_OC3NPolarityConfig
                0x08000a04                TIM_OC4PolarityConfig
                0x08000a18                TIM_CCxCmd
                0x08000a38                TIM_CCxNCmd
                0x08000a58                TIM_ICInit
                0x08000bc0                TIM_ICStructInit
                0x08000bd0                TIM_PWMIConfig
                0x08000d2c                TIM_GetCapture1
                0x08000d30                TIM_GetCapture2
                0x08000d34                TIM_GetCapture3
                0x08000d38                TIM_GetCapture4
                0x08000d3c                TIM_SetIC1Prescaler
                0x08000d54                TIM_SetIC2Prescaler
                0x08000d70                TIM_SetIC3Prescaler
                0x08000d88                TIM_SetIC4Prescaler
                0x08000da4                TIM_BDTRConfig
                0x08000dcc                TIM_BDTRStructInit
                0x08000de0                TIM_CtrlPWMOutputs
                0x08000e00                TIM_SelectCOM
                0x08000e1c                TIM_CCPreloadControl
                0x08000e38                TIM_ITConfig
                0x08000e4c                TIM_GenerateEvent
                0x08000e50                TIM_GetFlagStatus
                0x08000e5c                TIM_ClearFlag
                0x08000e64                TIM_GetITStatus
                0x08000e7c                TIM_ClearITPendingBit
                0x08000e84                TIM_DMAConfig
                0x08000e8c                TIM_DMACmd
                0x08000ea0                TIM_SelectCCDMA
                0x08000ebc                TIM_InternalClockConfig
                0x08000ecc                TIM_ITRxExternalClockConfig
                0x08000ee8                TIM_TIxExternalClockConfig
                0x08000f70                TIM_ETRClockMode1Config
                0x08000f98                TIM_ETRClockMode2Config
                0x08000fbc                TIM_SelectInputTrigger
                0x08000fcc                TIM_SelectOutputTrigger
                0x08000fe4                TIM_SelectSlaveMode
                0x08000ffc                TIM_SelectMasterSlaveMode
                0x08001014                TIM_ETRConfig
                0x0800102c                TIM_EncoderInterfaceConfig
                0x0800106c                TIM_SelectHallSensor
                0x08001088                TIM_RemapConfig
 .text          0x08001090      0x378 ..\obj\stm32f4xx_spi.o
                0x08001090                SPI_I2S_DeInit
                0x080010fc                SPI_Init
                0x0800114c                I2S_Init
                0x08001204                SPI_StructInit
                0x0800121c                I2S_StructInit
                0x0800122c                SPI_Cmd
                0x08001248                I2S_Cmd
                0x08001264                SPI_DataSizeConfig
                0x0800127c                SPI_BiDirectionalLineConfig
                0x0800129c                SPI_NSSInternalSoftwareConfig
                0x080012bc                SPI_SSOutputCmd
                0x080012d8                SPI_TIModeCmd
                0x080012f4                I2S_FullDuplexConfig
                0x0800133c                SPI_I2S_ReceiveData
                0x08001344                SPI_I2S_SendData
                0x08001348                SPI_CalculateCRC
                0x08001364                SPI_TransmitCRC
                0x08001370                SPI_GetCRC
                0x0800137c                SPI_GetCRCPolynomial
                0x08001384                SPI_I2S_DMACmd
                0x08001398                SPI_I2S_ITConfig
                0x080013b8                SPI_I2S_GetFlagStatus
                0x080013c4                SPI_I2S_ClearFlag
                0x080013cc                SPI_I2S_GetITStatus
                0x080013f8                SPI_I2S_ClearITPendingBit
 .text          0x08001408      0x194 ..\obj\system_stm32f4xx.o
                0x08001408                SystemInit
                0x08001528                SystemCoreClockUpdate
 .text          0x0800159c      0x460 ..\obj\stm32f4xx_i2c.o
                0x0800159c                I2C_DeInit
                0x08001608                I2C_Init
                0x080016f0                I2C_StructInit
                0x08001714                I2C_Cmd
                0x08001730                I2C_GenerateSTART
                0x0800174c                I2C_GenerateSTOP
                0x08001768                I2C_Send7bitAddress
                0x08001780                I2C_AcknowledgeConfig
                0x0800179c                I2C_OwnAddress2Config
                0x080017b0                I2C_DualAddressCmd
                0x080017cc                I2C_GeneralCallCmd
                0x080017e8                I2C_SoftwareResetCmd
                0x08001804                I2C_StretchClockCmd
                0x08001820                I2C_FastModeDutyCycleConfig
                0x08001840                I2C_NACKPositionConfig
                0x08001860                I2C_SMBusAlertConfig
                0x08001880                I2C_ARPCmd
                0x0800189c                I2C_SendData
                0x080018a0                I2C_ReceiveData
                0x080018a8                I2C_TransmitPEC
                0x080018c4                I2C_PECPositionConfig
                0x080018e4                I2C_CalculatePEC
                0x08001900                I2C_GetPEC
                0x08001908                I2C_DMACmd
                0x08001924                I2C_DMALastTransferCmd
                0x08001940                I2C_ReadRegister
                0x08001958                I2C_ITConfig
                0x0800196c                I2C_CheckEvent
                0x08001988                I2C_GetLastEvent
                0x08001998                I2C_GetFlagStatus
                0x080019d0                I2C_ClearFlag
                0x080019d8                I2C_GetITStatus
                0x080019f4                I2C_ClearITPendingBit
 .text          0x080019fc       0xbc ..\obj\stm32f4xx_it.o
                0x080019fc                NMI_Handler
                0x08001a00                HardFault_Handler
                0x08001a04                MemManage_Handler
                0x08001a08                BusFault_Handler
                0x08001a0c                UsageFault_Handler
                0x08001a10                SVC_Handler
                0x08001a14                DebugMon_Handler
                0x08001a18                PendSV_Handler
                0x08001a1c                SysTick_Handler
                0x08001a20                EXTI0_IRQHandler
                0x08001a7c                OTG_FS_WKUP_IRQHandler
                0x08001aac                OTG_FS_IRQHandler
 .text          0x08001ab8      0x1ec ..\obj\stm32f4xx_dac.o
                0x08001ab8                DAC_DeInit
                0x08001ad4                DAC_Init
                0x08001b04                DAC_StructInit
                0x08001b10                DAC_Cmd
                0x08001b34                DAC_SoftwareTriggerCmd
                0x08001b5c                DAC_DualSoftwareTriggerCmd
                0x08001b78                DAC_WaveGenerationCmd
                0x08001b98                DAC_SetChannel1Data
                0x08001bb8                DAC_SetChannel2Data
                0x08001bd8                DAC_SetDualChannelData
                0x08001bf0                DAC_GetDataOutputValue
                0x08001c14                DAC_DMACmd
                0x08001c3c                DAC_ITConfig
                0x08001c5c                DAC_GetFlagStatus
                0x08001c70                DAC_ClearFlag
                0x08001c7c                DAC_GetITStatus
                0x08001c98                DAC_ClearITPendingBit
 .text          0x08001ca4       0x24 ..\obj\arm_fir_init_f32.o
                0x08001ca4                arm_fir_init_f32
 .text          0x08001cc8      0x888 ..\obj\usbd_audio_core.o
                0x080023ac                USBD_USR_DeviceDisconnected
                0x080023b0                update_audio_buf
                0x080023f4                VCP_put_char
                0x0800241c                VCP_send_str
                0x08002460                VCP_send_buffer
                0x08002494                VCP_get_char
                0x080024c8                VCP_get_string
 .text          0x08002550      0x514 ..\obj\usbd_req.o
                0x08002550                USBD_StdDevReq
                0x08002860                USBD_StdItfReq
                0x080028b8                USBD_StdEPReq
                0x080029a0                USBD_ParseSetupRequest
                0x080029e4                USBD_CtlError
                0x08002a18                USBD_GetString
 .text          0x08002a64      0x390 ..\obj\stm32f4xx_dma.o
                0x08002a64                DMA_DeInit
                0x08002b94                DMA_Init
                0x08002c04                DMA_StructInit
                0x08002c28                DMA_Cmd
                0x08002c3c                DMA_PeriphIncOffsetSizeConfig
                0x08002c50                DMA_FlowControllerConfig
                0x08002c64                DMA_SetCurrDataCounter
                0x08002c68                DMA_GetCurrDataCounter
                0x08002c70                DMA_DoubleBufferModeConfig
                0x08002c88                DMA_DoubleBufferModeCmd
                0x08002c9c                DMA_MemoryTargetConfig
                0x08002ca8                DMA_GetCurrentMemoryTarget
                0x08002cb0                DMA_GetCmdStatus
                0x08002cb8                DMA_GetFIFOStatus
                0x08002cc0                DMA_GetFlagStatus
                0x08002cfc                DMA_ClearFlag
                0x08002d30                DMA_ITConfig
                0x08002d70                DMA_GetITStatus
                0x08002dc0                DMA_ClearITPendingBit
 .text          0x08002df4      0xad0 ..\obj\printf.o
                0x08002df4                PrintChar
                0x08002df8                PutChar
                0x08002e00                PutFloat
                0x080030a0                PutString
                0x080030c4                PutUnsignedInt
                0x08003160                PutSignedInt
                0x080032c4                PutHexa
                0x08003374                vsnprintf
                0x08003658                snprintf
                0x08003674                vsprintf
                0x08003680                vfprintf
                0x080036e4                vprintf
                0x08003748                fprintf
                0x080037bc                printf
                0x08003834                sprintf
                0x08003854                puts
                0x08003868                fputc
                0x08003884                fputs
 .text          0x080038c4       0x80 ..\obj\stm32f4xx_syscfg.o
                0x080038c4                SYSCFG_DeInit
                0x080038e0                SYSCFG_MemoryRemapConfig
                0x080038ec                SYSCFG_EXTILineConfig
                0x0800391c                SYSCFG_ETH_MediaInterfaceConfig
                0x08003928                SYSCFG_CompensationCellCmd
                0x08003934                SYSCFG_GetCompensationCellStatus
 .text          0x08003944      0x468 ..\obj\pllsynth.o
                0x08003944                InitDDSPorts
                0x080039f4                InitDDSSPI
                0x08003a54                PLLSendFreq
                0x08003b14                PLLSendCtrlWord
                0x08003bc8                ad9951_init
                0x08003cfc                ad9951_sendfreq
                0x08003d70                DMA1_Stream0_IRQHandler
 .text          0x08003dac      0x594 ..\obj\usb_dcd_int.o
                0x08003dac                USBD_OTG_ISR_Handler
 .text          0x08004340       0x58 ..\obj\usbd_usr.o
                0x08004340                USBD_USR_Init
                0x08004384                USBD_USR_DeviceReset
                0x08004388                USBD_USR_DeviceConfigured
                0x0800438c                USBD_USR_DeviceConnected
                0x08004390                USBD_USR_DeviceSuspended
                0x08004394                USBD_USR_DeviceResumed
 .text          0x08004398      0x100 ..\obj\stm32f4xx_exti.o
                0x08004398                EXTI_DeInit
                0x080043b4                EXTI_Init
                0x08004430                EXTI_StructInit
                0x08004440                EXTI_GenerateSWInterrupt
                0x08004450                EXTI_GetFlagStatus
                0x08004464                EXTI_ClearFlag
                0x08004470                EXTI_GetITStatus
                0x0800448c                EXTI_ClearITPendingBit
 .text          0x08004498      0x274 ..\obj\stm32f4xx_gpio.o
                0x08004498                GPIO_DeInit
                0x080045b0                GPIO_Init
                0x08004664                GPIO_StructInit
                0x08004678                GPIO_PinLockConfig
                0x0800469c                GPIO_ReadInputDataBit
                0x080046a8                GPIO_ReadInputData
                0x080046b0                GPIO_ReadOutputDataBit
                0x080046bc                GPIO_ReadOutputData
                0x080046c4                GPIO_SetBits
                0x080046c8                GPIO_ResetBits
                0x080046cc                GPIO_WriteBit
                0x080046d8                GPIO_Write
                0x080046dc                GPIO_ToggleBits
                0x080046e4                GPIO_PinAFConfig
 .text          0x0800470c       0xc4 ..\obj\usbd_desc.o
                0x0800470c                USBD_USR_DeviceDescriptor
                0x08004718                USBD_USR_LangIDStrDescriptor
                0x08004724                USBD_USR_ManufacturerStrDescriptor
                0x08004740                USBD_USR_ProductStrDescriptor
                0x0800476c                USBD_USR_SerialStrDescriptor
                0x08004798                USBD_USR_ConfigStrDescriptor
                0x080047b4                USBD_USR_InterfaceStrDescriptor
 .text          0x080047d0      0x128 ..\obj\usb_bsp.o
                0x080047d0                USB_OTG_BSP_Init
                0x0800487c                USB_OTG_BSP_EnableInterrupt
                0x080048ac                USB_OTG_BSP_uDelay
                0x080048d0                USB_OTG_BSP_mDelay
 .text          0x080048f8       0xb0 ..\obj\usbd_ioreq.o
                0x080048f8                USBD_CtlSendData
                0x08004918                USBD_CtlContinueSendData
                0x08004928                USBD_CtlPrepareRx
                0x08004948                USBD_CtlContinueRx
                0x08004958                USBD_CtlSendStatus
                0x08004978                USBD_CtlReceiveStatus
                0x08004998                USBD_GetRxCount
 .text          0x080049a8      0x5e4 ..\obj\mpx.o
                0x080049a8                RdsBlock
                0x08004a44                mpx_init
                0x08004bf8                MPX_Gen
                0x08004e80                FM_MPX
                0x08004eb8                DAC_normalise
                0x08004f08                Sin_Gen
 .text          0x08004f8c      0x478 ..\obj\stm32f4xx_rcc.o
                0x08004f8c                RCC_DeInit
                0x08004fc0                RCC_HSEConfig
                0x08004fd0                RCC_WaitForHSEStartUp
                0x08005004                RCC_AdjustHSICalibrationValue
                0x08005018                RCC_HSICmd
                0x08005024                RCC_LSEConfig
                0x08005044                RCC_LSICmd
                0x08005050                RCC_PLLConfig
                0x08005074                RCC_PLLCmd
                0x08005080                RCC_PLLI2SConfig
                0x08005094                RCC_PLLI2SCmd
                0x080050a0                RCC_ClockSecuritySystemCmd
                0x080050ac                RCC_MCO1Config
                0x080050c0                RCC_MCO2Config
                0x080050d4                RCC_SYSCLKConfig
                0x080050e8                RCC_GetSYSCLKSource
                0x080050f8                RCC_HCLKConfig
                0x0800510c                RCC_PCLK1Config
                0x08005120                RCC_PCLK2Config
                0x08005134                RCC_GetClocksFreq
                0x080051cc                RCC_RTCCLKConfig
                0x080051fc                RCC_RTCCLKCmd
                0x08005208                RCC_BackupResetCmd
                0x08005214                RCC_I2SCLKConfig
                0x08005220                RCC_AHB1PeriphClockCmd
                0x08005238                RCC_AHB2PeriphClockCmd
                0x08005250                RCC_AHB3PeriphClockCmd
                0x08005268                RCC_APB1PeriphClockCmd
                0x08005280                RCC_APB2PeriphClockCmd
                0x08005298                RCC_AHB1PeriphResetCmd
                0x080052b0                RCC_AHB2PeriphResetCmd
                0x080052c8                RCC_AHB3PeriphResetCmd
                0x080052e0                RCC_APB1PeriphResetCmd
                0x080052f8                RCC_APB2PeriphResetCmd
                0x08005310                RCC_AHB1PeriphClockLPModeCmd
                0x08005328                RCC_AHB2PeriphClockLPModeCmd
                0x08005340                RCC_AHB3PeriphClockLPModeCmd
                0x08005358                RCC_APB1PeriphClockLPModeCmd
                0x08005370                RCC_APB2PeriphClockLPModeCmd
                0x08005388                RCC_ITConfig
                0x080053a0                RCC_GetFlagStatus
                0x080053d4                RCC_ClearFlag
                0x080053e4                RCC_GetITStatus
                0x080053f8                RCC_ClearITPendingBit
 .text          0x08005404       0xc8 ..\obj\misc.o
                0x08005404                NVIC_PriorityGroupConfig
                0x08005418                NVIC_Init
                0x08005488                NVIC_SetVectorTable
                0x0800549c                NVIC_SystemLPConfig
                0x080054b4                SysTick_CLKSourceConfig
 .text          0x080054cc      0x184 ..\obj\resample.o
                0x080054cc                InitResample
                0x08005504                resample_hermite
                0x0800562c                ResampleProccess
 .text          0x08005650     0x1290 ..\obj\stm32f4_discovery_audio_codec.o
                0x0800588c                EVAL_AUDIO_SetAudioInterface
                0x08005930                EVAL_AUDIO_DeInit
                0x080059fc                EVAL_AUDIO_Play
                0x08005acc                EVAL_AUDIO_PauseResume
                0x08005b60                EVAL_AUDIO_Stop
                0x08005bdc                EVAL_AUDIO_VolumeCtl
                0x08005c20                EVAL_AUDIO_Mute
                0x08005c38                DMA1_Stream7_IRQHandler
                0x08005c90                SPI3_IRQHandler
                0x08005d64                SetI2SMCLK
                0x08005e20                Codec_TIMEOUT_UserCallback
                0x08005e24                Audio_MAL_Play
                0x08005eb8                Audio_DAC_play
                0x08005efc                DDS_Play
                0x08005f00                DAC_Config
                0x08005ff8                EVAL_AUDIO_Init
                0x08006414                TMR6_Config
                0x0800646c                DAC_DMA_Config
                0x08006470                TMR2_Config
                0x08006548                TMR4_Config
                0x080066b0                TMR3_Config
                0x0800687c                EVAL_AUDIO_GetSampleCallBack
 .text          0x080068e0       0x38 ..\obj\arm_fir_interpolate_init_f32.o
                0x080068e0                arm_fir_interpolate_init_f32
 .text          0x08006918      0xedc ..\obj\usb_core.o
                0x08006918                USB_OTG_WritePacket
                0x08006940                USB_OTG_ReadPacket
                0x08006968                USB_OTG_SelectCore
                0x08006cb4                USB_OTG_CoreInit
                0x08006e60                USB_OTG_EnableGlobalInt
                0x08006e70                USB_OTG_DisableGlobalInt
                0x08006e80                USB_OTG_FlushTxFifo
                0x08006ed0                USB_OTG_FlushRxFifo
                0x08006f10                USB_OTG_SetCurrentMode
                0x08006f3c                USB_OTG_GetMode
                0x08006f48                USB_OTG_IsDeviceMode
                0x08006f58                USB_OTG_IsHostMode
                0x08006f64                USB_OTG_ReadCoreItr
                0x08006f70                USB_OTG_ReadOtgItr
                0x08006f78                USB_OTG_InitDevSpeed
                0x08006f84                USB_OTG_CoreInitDev
                0x08007114                USB_OTG_EnableDevInt
                0x08007150                USB_OTG_GetDeviceSpeed
                0x08007170                USB_OTG_EP0Activate
                0x08007198                USB_OTG_EPActivate
                0x080071f4                USB_OTG_EPDeactivate
                0x08007238                USB_OTG_EPStartXfer
                0x08007374                USB_OTG_EP0StartXfer
                0x08007478                USB_OTG_EPSetStall
                0x080074a8                USB_OTG_EPClearStall
                0x080074d4                USB_OTG_ReadDevAllOutEp_itr
                0x080074e0                USB_OTG_ReadDevOutEP_itr
                0x080074f0                USB_OTG_ReadDevAllInEPItr
                0x080074fc                USB_OTG_EP0_OutStart
                0x08007540                USB_OTG_ActiveRemoteWakeup
                0x08007584                USB_OTG_UngateClock
                0x080075a4                USB_OTG_StopDevice
                0x0800770c                USB_OTG_GetEPStatus
                0x08007758                USB_OTG_SetEPStatus
 .text          0x080077f4      0x124 ..\obj\usbd_audio_out_if.o
 .text          0x08007918      0x25c ..\obj\usbd_core.o
                0x08007b10                USBD_Init
                0x08007b48                USBD_DeInit
                0x08007b4c                USBD_SetCfg
                0x08007b64                USBD_ClrCfg
 .text          0x08007b74       0x5c ..\obj\startup_stm32f4xx.o
                0x08007b74                RTC_Alarm_IRQHandler
                0x08007b74                HASH_RNG_IRQHandler
                0x08007b74                EXTI2_IRQHandler
                0x08007b74                TIM8_CC_IRQHandler
                0x08007b74                TIM1_CC_IRQHandler
                0x08007b74                DMA2_Stream5_IRQHandler
                0x08007b74                DMA1_Stream5_IRQHandler
                0x08007b74                PVD_IRQHandler
                0x08007b74                SDIO_IRQHandler
                0x08007b74                TAMP_STAMP_IRQHandler
                0x08007b74                CAN2_RX1_IRQHandler
                0x08007b74                EXTI3_IRQHandler
                0x08007b74                TIM8_TRG_COM_TIM14_IRQHandler
                0x08007b74                TIM1_UP_TIM10_IRQHandler
                0x08007b74                TIM8_UP_TIM13_IRQHandler
                0x08007b74                I2C3_ER_IRQHandler
                0x08007b74                I2C2_EV_IRQHandler
                0x08007b74                DMA1_Stream2_IRQHandler
                0x08007b74                CAN1_RX0_IRQHandler
                0x08007b74                FPU_IRQHandler
                0x08007b74                OTG_HS_WKUP_IRQHandler
                0x08007b74                CAN2_SCE_IRQHandler
                0x08007b74                DMA2_Stream2_IRQHandler
                0x08007b74                SPI1_IRQHandler
                0x08007b74                TIM6_DAC_IRQHandler
                0x08007b74                TIM1_BRK_TIM9_IRQHandler
                0x08007b74                DCMI_IRQHandler
                0x08007b74                CAN2_RX0_IRQHandler
                0x08007b74                DMA2_Stream3_IRQHandler
                0x08007b74                USART6_IRQHandler
                0x08007b74                USART3_IRQHandler
                0x08007b74                CRYP_IRQHandler
                0x08007b74                DMA2_Stream6_IRQHandler
                0x08007b74                CAN1_RX1_IRQHandler
                0x08007b74                UART5_IRQHandler
                0x08007b74                DMA2_Stream0_IRQHandler
                0x08007b74                TIM4_IRQHandler
                0x08007b74                I2C1_EV_IRQHandler
                0x08007b74                DMA1_Stream1_IRQHandler
                0x08007b74                UART4_IRQHandler
                0x08007b74                TIM3_IRQHandler
                0x08007b74                RCC_IRQHandler
                0x08007b74                TIM8_BRK_TIM12_IRQHandler
                0x08007b74                EXTI15_10_IRQHandler
                0x08007b74                ADC_IRQHandler
                0x08007b74                I2C1_ER_IRQHandler
                0x08007b74                TIM7_IRQHandler
                0x08007b74                CAN2_TX_IRQHandler
                0x08007b74                TIM5_IRQHandler
                0x08007b74                DMA2_Stream7_IRQHandler
                0x08007b74                I2C3_EV_IRQHandler
                0x08007b74                EXTI9_5_IRQHandler
                0x08007b74                RTC_WKUP_IRQHandler
                0x08007b74                ETH_WKUP_IRQHandler
                0x08007b74                SPI2_IRQHandler
                0x08007b74                OTG_HS_EP1_IN_IRQHandler
                0x08007b74                CAN1_TX_IRQHandler
                0x08007b74                EXTI4_IRQHandler
                0x08007b74                FSMC_IRQHandler
                0x08007b74                ETH_IRQHandler
                0x08007b74                OTG_HS_EP1_OUT_IRQHandler
                0x08007b74                WWDG_IRQHandler
                0x08007b74                TIM2_IRQHandler
                0x08007b74                TIM1_TRG_COM_TIM11_IRQHandler
                0x08007b74                OTG_HS_IRQHandler
                0x08007b74                EXTI1_IRQHandler
                0x08007b74                USART2_IRQHandler
                0x08007b74                I2C2_ER_IRQHandler
                0x08007b74                DMA2_Stream1_IRQHandler
                0x08007b74                CAN1_SCE_IRQHandler
                0x08007b74                FLASH_IRQHandler
                0x08007b74                DMA2_Stream4_IRQHandler
                0x08007b74                USART1_IRQHandler
                0x08007b74                DMA1_Stream4_IRQHandler
                0x08007b74                DMA1_Stream3_IRQHandler
                0x08007b78                Reset_Handler
                0x08007b78                Default_Reset_Handler
 .text          0x08007bd0      0x69c ..\obj\usb_dcd.o
                0x08007bd0                DCD_Init
                0x08008044                DCD_EP_Open
                0x080080a4                DCD_EP_Close
                0x080080dc                DCD_EP_PrepareRx
                0x08008128                DCD_EP_Tx
                0x08008170                DCD_EP_Stall
                0x080081ac                DCD_EP_ClrStall
                0x080081e8                DCD_EP_Flush
                0x08008204                DCD_EP_SetAddress
                0x08008214                DCD_DevConnect
                0x08008218                DCD_DevDisconnect
                0x0800821c                DCD_GetEPStatus
                0x08008244                DCD_SetEPStatus
 .text          0x0800826c      0x3f8 ..\obj\arm_fir_f32.o
                0x0800826c                arm_fir_f32
 .text          0x08008664      0x10c ..\obj\main.o
                0x08008664                Delayms
                0x0800867c                TimingDelay_Decrement
                0x08008690                EVAL_AUDIO_TransferComplete_CallBack
                0x080086cc                EVAL_AUDIO_HalfTransfer_CallBack
                0x08008708                DMA1_Stream6_IRQHandler
                0x08008754                _write
                0x08008764                _read
 .text.startup  0x08008770      0x510 ..\obj\main.o
                0x08008770                main
 .text          0x08008c80      0x370 g:/arm-eabi/bin/../lib/gcc/arm-none-eabi/4.9.3/armv7e-m/fpu\libgcc.a(_arm_addsubdf3.o)
                0x08008c80                __aeabi_drsub
                0x08008c88                __aeabi_dsub
                0x08008c88                __subdf3
                0x08008c8c                __aeabi_dadd
                0x08008c8c                __adddf3
                0x08008f04                __floatunsidf
                0x08008f04                __aeabi_ui2d
                0x08008f24                __floatsidf
                0x08008f24                __aeabi_i2d
                0x08008f48                __aeabi_f2d
                0x08008f48                __extendsfdf2
                0x08008f84                __floatundidf
                0x08008f84                __aeabi_ul2d
                0x08008f94                __floatdidf
                0x08008f94                __aeabi_l2d
 .text          0x08008ff0       0xa0 g:/arm-eabi/bin/../lib/gcc/arm-none-eabi/4.9.3/armv7e-m/fpu\libgcc.a(_arm_truncdfsf2.o)
                0x08008ff0                __truncdfsf2
                0x08008ff0                __aeabi_d2f
 .text          0x08009090      0x134 g:/arm-eabi/bin/../lib/gcc/arm-none-eabi/4.9.3/../../../../arm-none-eabi/lib/armv7e-m/fpu\libg.a(lib_a-memcpy.o)
                0x08009090                memcpy
 .text.memset   0x080091c4       0x9c g:/arm-eabi/bin/../lib/gcc/arm-none-eabi/4.9.3/../../../../arm-none-eabi/lib/armv7e-m/fpu\libg.a(lib_a-memset.o)
                0x080091c4                memset
 *(.init)
 *(.fini)
 *crtbegin.o(.ctors)
 *crtbegin?.o(.ctors)
 *(EXCLUDE_FILE(*crtend.o *crtend?.o) .ctors)
 *(SORT(.ctors.*))
 *(.ctors)
 *crtbegin.o(.dtors)
 *crtbegin?.o(.dtors)
 *(EXCLUDE_FILE(*crtend.o *crtend?.o) .dtors)
 *(SORT(.dtors.*))
 *(.dtors)
 *(.rodata*)
 .rodata        0x08009260       0x30 ..\obj\stm32f4_discovery.o
                0x08009260                GPIO_CLK
                0x08009270                GPIO_PIN
                0x08009278                BUTTON_IRQn
                0x0800927c                BUTTON_PIN_SOURCE
                0x08009280                BUTTON_PORT_SOURCE
                0x08009284                BUTTON_EXTI_LINE
                0x08009288                BUTTON_CLK
                0x0800928c                BUTTON_PIN
 .rodata.str1.4
                0x08009290       0x9c ..\obj\usbd_desc.o
 .rodata        0x0800932c     0x84d8 ..\obj\mpx.o
                0x0800932c                interp_coeffs
                0x0800962c                fir_coeffs
                0x080097bc                LUT
                0x080117bc                dphase_11875
                0x080117c0                dphase
                0x080117c4                RDS_init
 .rodata        0x08011804       0x50 ..\obj\stm32f4_discovery_audio_codec.o
 .rodata.str1.4
                0x08011854       0xe0 ..\obj\main.o
 *(.eh_fram e*)

.glue_7         0x08011934        0x0
 .glue_7        0x00000000        0x0 linker stubs

.glue_7t        0x08011934        0x0
 .glue_7t       0x00000000        0x0 linker stubs

.vfp11_veneer   0x08011934        0x0
 .vfp11_veneer  0x00000000        0x0 linker stubs

.v4_bx          0x08011934        0x0
 .v4_bx         0x00000000        0x0 linker stubs

.iplt           0x08011934        0x0
 .iplt          0x00000000        0x0 ..\obj\stm32f4_discovery.o

.rel.dyn        0x08011934        0x0
 .rel.iplt      0x00000000        0x0 ..\obj\stm32f4_discovery.o

.ARM.extab
 *(.ARM.extab* .gnu.linkonce.armextab.*)
                0x08011934                __exidx_start = .

.ARM.exidx
 *(.ARM.exidx* .gnu.linkonce.armexidx.*)
                0x08011934                __exidx_end = .
                0x08011934                __etext = .
                0x08011934                _sidata = __etext

.data           0x20000000      0x6cc load address 0x08011934
                0x20000000                __data_start__ = .
                0x20000000                _sdata = __data_start__
 *(vtable)
 *(.data*)
 .data          0x20000000       0x14 ..\obj\stm32f4_discovery.o
                0x20000000                GPIO_PORT
                0x20000010                BUTTON_PORT
 .data          0x20000014       0x14 ..\obj\system_stm32f4xx.o
                0x20000014                AHBPrescTable
                0x20000024                SystemCoreClock
 .data          0x20000028      0x120 ..\obj\usbd_audio_core.o
                0x2000002c                APP_FOPS
                0x20000104                feedback_data
                0x20000108                IsocOutWrPtr
                0x2000010c                IsocOutRdPtr
                0x20000110                accum
                0x20000114                linecoding
                0x2000011c                AUDIO_cb
 .data          0x20000148      0x430 ..\obj\printf.o
                0x20000148                _impure_ptr
                0x20000150                r
 .data          0x20000578       0x1c ..\obj\usbd_usr.o
                0x20000578                USR_cb
 .data          0x20000594       0x40 ..\obj\usbd_desc.o
                0x20000594                USBD_DeviceDesc
                0x200005a8                USBD_LangIDDesc
                0x200005ac                USBD_DeviceQualifierDesc
                0x200005b8                USR_desc
 .data          0x200005d4       0x54 ..\obj\mpx.o
                0x200005d4                G
                0x200005f4                O
                0x20000600                interp_ptr_L
                0x20000604                interp_ptr_R
                0x20000608                fir_ptr_L
                0x2000060c                fir_ptr_R
                0x20000610                c
                0x20000614                a
                0x20000618                dev
                0x2000061c                Volume_curr
                0x20000620                dd
                0x20000624                b
 .data          0x20000628       0x10 ..\obj\stm32f4xx_rcc.o
 .data          0x20000638       0x38 ..\obj\stm32f4_discovery_audio_codec.o
                0x20000638                CODECTimeout
                0x2000063c                CurrAudioInterface
                0x20000640                AUDIO_MAL_DMA_CLOCK
                0x20000644                AUDIO_MAL_DMA_STREAM
                0x20000648                AUDIO_MAL_DMA_DREG
                0x2000064c                AUDIO_MAL_DMA_IRQ
                0x20000650                AUDIO_MAL_DMA_FLAG_TC
                0x20000654                AUDIO_MAL_DMA_FLAG_HT
                0x20000658                AUDIO_MAL_DMA_FLAG_FE
                0x2000065c                AUDIO_MAL_DMA_FLAG_TE
                0x20000660                AUDIO_MAL_DMA_FLAG_DME
                0x20000664                AudioTotalSize
                0x20000668                dds_spi_buf
 .data          0x20000670       0x1c ..\obj\usbd_audio_out_if.o
                0x20000670                AUDIO_OUT_fops
 .data          0x2000068c       0x30 ..\obj\usbd_core.o
                0x2000068c                USBD_DCD_INT_fops
                0x20000690                USBD_DCD_INT_cb
 .data          0x200006bc       0x10 ..\obj\main.o
                0x200006bc                mult_factor
                0x200006c0                fs
                0x200006c4                bufsize
                0x200006c6                fright
                0x200006c8                fleft
                0x200006cc                . = ALIGN (0x4)
                0x200006cc                PROVIDE (__preinit_array_start, .)
 *(.preinit_array)
                0x200006cc                PROVIDE (__preinit_array_end, .)
                0x200006cc                . = ALIGN (0x4)
                0x200006cc                PROVIDE (__init_array_start, .)
 *(SORT(.init_array.*))
 *(.init_array)
                0x200006cc                PROVIDE (__init_array_end, .)
                0x200006cc                . = ALIGN (0x4)
                0x200006cc                PROVIDE (__fini_array_start, .)
 *(SORT(.fini_array.*))
 *(.fini_array)
                0x200006cc                PROVIDE (__fini_array_end, .)
 *(.jcr*)
                0x200006cc                . = ALIGN (0x4)
                0x200006cc                __data_end__ = .
                0x200006cc                _edata = __data_end__

.igot.plt       0x200006cc        0x0 load address 0x08012000
 .igot.plt      0x00000000        0x0 ..\obj\stm32f4_discovery.o

RAM2            0x200006cc     0x4408 load address 0x08012000
                0x200006cc                PROVIDE (__start_RAM2, .)
 RAM2           0x200006cc     0x4408 ..\obj\mpx.o
                0x200006cc                interp_coeffs_ram
                0x200009cc                fir_coeffs_ram
                0x20000ccc                interp_state_L
                0x20000e28                interp_state_R
                0x20000f84                fir_state_L
                0x200011d0                fir_state_R
                0x2000141c                preemph_iir_coeefsA
                0x20001428                preemph_iir_coeefsB
                0x20001434                RDS_data
                0x20001474                xx_L
                0x20001480                yy_L
                0x2000148c                xx_R
                0x20001498                yy_R
                0x200014a4                Lbuf
                0x20001564                Rbuf
                0x20001624                INT_InBuffer
                0x200017a4                INT_OutBuffer
                0x20002fa4                Lbuf2
                0x20003064                Rbuf2
                0x20003124                InBuffer
                0x200032a4                R_interp_buf
                0x20003ea4                L_interp_buf
                0x20004aa4                fir_R
                0x20004ab0                fir_L
                0x20004abc                mpx_interp_R
                0x20004ac8                mpx_interp_L
                0x20004ad4                PROVIDE (__stop_RAM2, .)

.bss            0x20004ad4     0x6b40 load address 0x08016408
                0x20004ad4                . = ALIGN (0x4)
                0x20004ad4                __bss_start__ = .
                0x20004ad4                _sbss = __bss_start__
 *(.bss*)
 .bss           0x20004ad4       0x4c ..\obj\usbd_audio_core.o
                0x20004ad4                AudioCtlCmd
                0x20004ad5                AudioCtlUnit
                0x20004ad8                AudioCtlLen
                0x20004ae0                APP_Rx_ptr_in
                0x20004ae4                counter
                0x20004ae8                old_counter
                0x20004af4                shift
                0x20004b00                USB_Tx_State
                0x20004b04                APP_Rx_ptr_out
                0x20004b08                APP_Rx_length
                0x20004b10                USB_Tx_ptr
                0x20004b14                USB_Tx_length
 .bss           0x20004b20       0x10 ..\obj\usbd_req.o
                0x20004b24                USBD_default_cfg
                0x20004b28                USBD_cfg_status
                0x20004b2c                USBD_ep_status
 .bss           0x20004b30       0x54 ..\obj\mpx.o
 .bss           0x20004b84       0x60 ..\obj\resample.o
 .bss           0x20004be4        0xc ..\obj\stm32f4_discovery_audio_codec.o
                0x20004be4                AUDIO_MAL_DMA_CHANNEL
                0x20004be8                AudioRemSize
                0x20004bec                OutputDev
 .bss           0x20004bf0        0xc ..\obj\usbd_audio_out_if.o
                0x20004bf8                cnt1
 .bss           0x20004bfc        0x4 ..\obj\main.o
                0x20004bfc                mpx_buff_fill
                0x20004bfd                UserButtonPressed
                0x20004bfe                PrescalerValue
 *(COMMON)
 COMMON         0x20004c00     0x1780 ..\obj\usbd_audio_core.o
                0x20004c00                oldgap
                0x20004c04                tmpxx
                0x20004c08                APP_Tx_Buffer
                0x20005408                AudioCtl
                0x20005448                IsocOutBuff
                0x20005a48                dgap
                0x20005a4c                mingap
                0x20005a50                tmpbuf
                0x20005b20                APP_tx_ptr_tail
                0x20005b24                USB_Rx_Buffer
                0x20005b64                CmdBuff
                0x20005b70                corr
                0x20005b74                maxgap
                0x20005b78                APP_Rx_Buffer
                0x20006378                gap
                0x2000637c                APP_tx_ptr_head
 COMMON         0x20006380       0xc8 ..\obj\usbd_req.o
                0x20006380                USBD_StrDesc
 COMMON         0x20006448        0x9 ..\obj\pllsynth.o
                0x20006448                FTW
                0x2000644c                cfr
 *fill*         0x20006451        0x3 
 COMMON         0x20006454     0x4809 ..\obj\mpx.o
                0x20006454                DDS_buf
                0x20007c54                m_volRDS
                0x20007c58                FB_buf
                0x20008858                DAC_buf
                0x20009458                FM_buffer_fill
                0x2000945c                MPX_buf
                0x2000ac5c                audio_buffer_fill
 *fill*         0x2000ac5d        0x3 
 COMMON         0x2000ac60       0x86 ..\obj\stm32f4_discovery_audio_codec.o
                0x2000ac60                dac_play_size
                0x2000ac64                CurrentPos
                0x2000ac68                dac_play_ptr
                0x2000ac6c                AUDIO_MAL_DMA_InitStructure
                0x2000aca8                DMA_InitStructure
                0x2000ace4                dac_play_cnt
 *fill*         0x2000ace6        0x2 
 COMMON         0x2000ace8      0x92c ..\obj\main.o
                0x2000ace8                xbuf
                0x2000acec                Audio2
                0x2000ae6c                TimingDelay
                0x2000ae70                test
                0x2000ae7c                mmm
                0x2000ae80                nnn
                0x2000ae84                var
                0x2000ae88                USB_OTG_dev
                0x2000b47c                Buffer
                0x2000b484                RCC_Clocks
                0x2000b494                Audio
                0x2000b614                . = ALIGN (0x4)
                0x2000b614                __bss_end__ = .
                0x2000b614                _ebss = __bss_end__

.heap           0x2000b614        0x0
                0x2000b614                __end__ = .
                0x2000b614                _end = __end__
                0x2000b614                end = __end__
 *(.heap*)
                0x2000b614                __HeapLimit = .

.co_stack       0x2000b614     0x1004 load address 0x0801cf48
                0x2000b618                . = ALIGN (0x8)
 *fill*         0x2000b614        0x4 
 *(.co_stack .co_stack.*)
 .co_stack      0x2000b618     0x1000 ..\obj\startup_stm32f4xx.o
                0x2000b618                pulStack
                0x20020000                __StackTop = (ORIGIN (ram) + 0x20000)
                0x2001effc                __StackLimit = (__StackTop - SIZEOF (.co_stack))
                0x20020000                PROVIDE (__stack, __StackTop)
                0x00000001                ASSERT ((__StackLimit >= __HeapLimit), region ram  overflowed with stack)
LOAD ..\obj\stm32f4_discovery.o
LOAD ..\obj\stm32f4xx_tim.o
LOAD ..\obj\arm_fir_interpolate_init_q31.o
LOAD ..\obj\stm32f4xx_dcmi.o
LOAD ..\obj\stm32f4xx_flash.o
LOAD ..\obj\stm32f4xx_cryp_tdes.o
LOAD ..\obj\stm32f4xx_hash_md5.o
LOAD ..\obj\stm32f4xx_spi.o
LOAD ..\obj\arm_fir_init_q31.o
LOAD ..\obj\system_stm32f4xx.o
LOAD ..\obj\stm32f4xx_dbgmcu.o
LOAD ..\obj\stm32f4xx_i2c.o
LOAD ..\obj\stm32f4xx_it.o
LOAD ..\obj\stm32f4xx_dac.o
LOAD ..\obj\syscalls.o
LOAD ..\obj\arm_fir_init_f32.o
LOAD ..\obj\usbd_audio_core.o
LOAD ..\obj\usbd_req.o
LOAD ..\obj\stm32f4xx_iwdg.o
LOAD ..\obj\stm32f4xx_dma.o
LOAD ..\obj\arm_fir_interpolate_q15.o
LOAD ..\obj\stm32f4xx_fsmc.o
LOAD ..\obj\arm_fir_interpolate_f32.o
LOAD ..\obj\stm32f4xx_pwr.o
LOAD ..\obj\stm32f4xx_hash_sha1.o
LOAD ..\obj\printf.o
LOAD ..\obj\stm32f4xx_syscfg.o
LOAD ..\obj\stm32f4xx_can.o
LOAD ..\obj\stm32f4xx_rtc.o
LOAD ..\obj\arm_fir_init_q7.o
LOAD ..\obj\stm32f4xx_cryp_des.o
LOAD ..\obj\pllsynth.o
LOAD ..\obj\usb_dcd_int.o
LOAD ..\obj\usbd_usr.o
LOAD ..\obj\stm32f4xx_exti.o
LOAD ..\obj\arm_fir_fast_q31.o
LOAD ..\obj\stm32f4xx_gpio.o
LOAD ..\obj\usbd_desc.o
LOAD ..\obj\usb_bsp.o
LOAD ..\obj\usbd_ioreq.o
LOAD ..\obj\stm32f4xx_rng.o
LOAD ..\obj\mpx.o
LOAD ..\obj\stm32f4xx_crc.o
LOAD ..\obj\stm32f4xx_rcc.o
LOAD ..\obj\misc.o
LOAD ..\obj\resample.o
LOAD ..\obj\arm_fir_interpolate_init_q15.o
LOAD ..\obj\stm32f4_discovery_audio_codec.o
LOAD ..\obj\arm_fir_interpolate_q31.o
LOAD ..\obj\arm_fir_interpolate_init_f32.o
LOAD ..\obj\arm_fir_fast_q15.o
LOAD ..\obj\usb_core.o
LOAD ..\obj\usbd_audio_out_if.o
LOAD ..\obj\arm_fir_init_q15.o
LOAD ..\obj\stm32f4xx_usart.o
LOAD ..\obj\usbd_core.o
LOAD ..\obj\stm32f4xx_adc.o
LOAD ..\obj\startup_stm32f4xx.o
LOAD ..\obj\stm32f4xx_wwdg.o
LOAD ..\obj\stm32f4xx_hash.o
LOAD ..\obj\stm32f4_discovery_lis302dl.o
LOAD ..\obj\usb_dcd.o
LOAD ..\obj\arm_fir_f32.o
LOAD ..\obj\stm32f4xx_cryp.o
LOAD ..\obj\stm32f4xx_cryp_aes.o
LOAD ..\obj\stm32f4xx_sdio.o
LOAD ..\obj\main.o
START GROUP
LOAD g:/arm-eabi/bin/../lib/gcc/arm-none-eabi/4.9.3/armv7e-m/fpu\libgcc.a
LOAD g:/arm-eabi/bin/../lib/gcc/arm-none-eabi/4.9.3/../../../../arm-none-eabi/lib/armv7e-m/fpu\libg.a
LOAD g:/arm-eabi/bin/../lib/gcc/arm-none-eabi/4.9.3/../../../../arm-none-eabi/lib/armv7e-m/fpu\libc.a
END GROUP
OUTPUT(usb_audio.elf elf32-littlearm)

.debug_info     0x00000000    0x20bf6
 .debug_info    0x00000000      0x9f7 ..\obj\stm32f4_discovery.o
 .debug_info    0x000009f7     0x24c9 ..\obj\stm32f4xx_tim.o
 .debug_info    0x00002ec0      0xb96 ..\obj\stm32f4xx_spi.o
 .debug_info    0x00003a56      0x5b3 ..\obj\system_stm32f4xx.o
 .debug_info    0x00004009      0xbc1 ..\obj\stm32f4xx_i2c.o
 .debug_info    0x00004bca      0xe9b ..\obj\stm32f4xx_it.o
 .debug_info    0x00005a65      0x68f ..\obj\stm32f4xx_dac.o
 .debug_info    0x000060f4      0x1a2 ..\obj\arm_fir_init_f32.o
 .debug_info    0x00006296     0x218e ..\obj\usbd_audio_core.o
 .debug_info    0x00008424     0x167a ..\obj\usbd_req.o
 .debug_info    0x00009a9e      0x73b ..\obj\stm32f4xx_dma.o
 .debug_info    0x0000a1d9     0x1e60 ..\obj\printf.o
 .debug_info    0x0000c039      0x2b5 ..\obj\stm32f4xx_syscfg.o
 .debug_info    0x0000c2ee     0x113a ..\obj\pllsynth.o
 .debug_info    0x0000d428     0x22bd ..\obj\usb_dcd_int.o
 .debug_info    0x0000f6e5      0x7b4 ..\obj\usbd_usr.o
 .debug_info    0x0000fe99      0x34c ..\obj\stm32f4xx_exti.o
 .debug_info    0x000101e5      0x7d6 ..\obj\stm32f4xx_gpio.o
 .debug_info    0x000109bb      0x504 ..\obj\usbd_desc.o
 .debug_info    0x00010ebf     0x128a ..\obj\usb_bsp.o
 .debug_info    0x00012149      0xe3a ..\obj\usbd_ioreq.o
 .debug_info    0x00012f83      0xf76 ..\obj\mpx.o
 .debug_info    0x00013ef9      0xcf9 ..\obj\stm32f4xx_rcc.o
 .debug_info    0x00014bf2      0x543 ..\obj\misc.o
 .debug_info    0x00015135      0x48d ..\obj\resample.o
 .debug_info    0x000155c2     0x37f4 ..\obj\stm32f4_discovery_audio_codec.o
 .debug_info    0x00018db6      0x230 ..\obj\arm_fir_interpolate_init_f32.o
 .debug_info    0x00018fe6     0x2c42 ..\obj\usb_core.o
 .debug_info    0x0001bc28      0x517 ..\obj\usbd_audio_out_if.o
 .debug_info    0x0001c13f     0x129b ..\obj\usbd_core.o
 .debug_info    0x0001d3da      0x131 ..\obj\startup_stm32f4xx.o
 .debug_info    0x0001d50b     0x12a9 ..\obj\usb_dcd.o
 .debug_info    0x0001e7b4      0x36f ..\obj\arm_fir_f32.o
 .debug_info    0x0001eb23     0x20d3 ..\obj\main.o

.debug_abbrev   0x00000000     0x5188
 .debug_abbrev  0x00000000      0x1dc ..\obj\stm32f4_discovery.o
 .debug_abbrev  0x000001dc      0x28f ..\obj\stm32f4xx_tim.o
 .debug_abbrev  0x0000046b      0x1e5 ..\obj\stm32f4xx_spi.o
 .debug_abbrev  0x00000650      0x15d ..\obj\system_stm32f4xx.o
 .debug_abbrev  0x000007ad      0x1ed ..\obj\stm32f4xx_i2c.o
 .debug_abbrev  0x0000099a      0x24c ..\obj\stm32f4xx_it.o
 .debug_abbrev  0x00000be6      0x1d0 ..\obj\stm32f4xx_dac.o
 .debug_abbrev  0x00000db6       0xe4 ..\obj\arm_fir_init_f32.o
 .debug_abbrev  0x00000e9a      0x4ce ..\obj\usbd_audio_core.o
 .debug_abbrev  0x00001368      0x41c ..\obj\usbd_req.o
 .debug_abbrev  0x00001784      0x173 ..\obj\stm32f4xx_dma.o
 .debug_abbrev  0x000018f7      0x440 ..\obj\printf.o
 .debug_abbrev  0x00001d37      0x167 ..\obj\stm32f4xx_syscfg.o
 .debug_abbrev  0x00001e9e      0x263 ..\obj\pllsynth.o
 .debug_abbrev  0x00002101      0x33e ..\obj\usb_dcd_int.o
 .debug_abbrev  0x0000243f      0x1f5 ..\obj\usbd_usr.o
 .debug_abbrev  0x00002634      0x1c3 ..\obj\stm32f4xx_exti.o
 .debug_abbrev  0x000027f7      0x1f6 ..\obj\stm32f4xx_gpio.o
 .debug_abbrev  0x000029ed      0x196 ..\obj\usbd_desc.o
 .debug_abbrev  0x00002b83      0x2c2 ..\obj\usb_bsp.o
 .debug_abbrev  0x00002e45      0x1ec ..\obj\usbd_ioreq.o
 .debug_abbrev  0x00003031      0x362 ..\obj\mpx.o
 .debug_abbrev  0x00003393      0x287 ..\obj\stm32f4xx_rcc.o
 .debug_abbrev  0x0000361a      0x154 ..\obj\misc.o
 .debug_abbrev  0x0000376e      0x21d ..\obj\resample.o
 .debug_abbrev  0x0000398b      0x3f3 ..\obj\stm32f4_discovery_audio_codec.o
 .debug_abbrev  0x00003d7e      0x10b ..\obj\arm_fir_interpolate_init_f32.o
 .debug_abbrev  0x00003e89      0x4a9 ..\obj\usb_core.o
 .debug_abbrev  0x00004332      0x219 ..\obj\usbd_audio_out_if.o
 .debug_abbrev  0x0000454b      0x35f ..\obj\usbd_core.o
 .debug_abbrev  0x000048aa      0x10b ..\obj\startup_stm32f4xx.o
 .debug_abbrev  0x000049b5      0x2d4 ..\obj\usb_dcd.o
 .debug_abbrev  0x00004c89       0xd3 ..\obj\arm_fir_f32.o
 .debug_abbrev  0x00004d5c      0x42c ..\obj\main.o

.debug_loc      0x00000000     0xf85c
 .debug_loc     0x00000000       0xa5 ..\obj\stm32f4_discovery.o
 .debug_loc     0x000000a5     0x1f41 ..\obj\stm32f4xx_tim.o
 .debug_loc     0x00001fe6      0x5a8 ..\obj\stm32f4xx_spi.o
 .debug_loc     0x0000258e      0x13f ..\obj\system_stm32f4xx.o
 .debug_loc     0x000026cd      0x710 ..\obj\stm32f4xx_i2c.o
 .debug_loc     0x00002ddd      0x47a ..\obj\stm32f4xx_dac.o
 .debug_loc     0x00003257       0xa2 ..\obj\arm_fir_init_f32.o
 .debug_loc     0x000032f9      0xa75 ..\obj\usbd_audio_core.o
 .debug_loc     0x00003d6e      0xc0d ..\obj\usbd_req.o
 .debug_loc     0x0000497b      0x480 ..\obj\stm32f4xx_dma.o
 .debug_loc     0x00004dfb     0x322a ..\obj\printf.o
 .debug_loc     0x00008025       0xa6 ..\obj\stm32f4xx_syscfg.o
 .debug_loc     0x000080cb      0x16c ..\obj\pllsynth.o
 .debug_loc     0x00008237      0x86d ..\obj\usb_dcd_int.o
 .debug_loc     0x00008aa4       0x33 ..\obj\usbd_usr.o
 .debug_loc     0x00008ad7      0x1f6 ..\obj\stm32f4xx_exti.o
 .debug_loc     0x00008ccd      0x386 ..\obj\stm32f4xx_gpio.o
 .debug_loc     0x00009053      0x2ed ..\obj\usbd_desc.o
 .debug_loc     0x00009340       0xed ..\obj\usb_bsp.o
 .debug_loc     0x0000942d      0x236 ..\obj\usbd_ioreq.o
 .debug_loc     0x00009663      0x844 ..\obj\mpx.o
 .debug_loc     0x00009ea7      0xb7a ..\obj\stm32f4xx_rcc.o
 .debug_loc     0x0000aa21      0x161 ..\obj\misc.o
 .debug_loc     0x0000ab82      0x37a ..\obj\resample.o
 .debug_loc     0x0000aefc      0xb4f ..\obj\stm32f4_discovery_audio_codec.o
 .debug_loc     0x0000ba4b      0x134 ..\obj\arm_fir_interpolate_init_f32.o
 .debug_loc     0x0000bb7f     0x18d7 ..\obj\usb_core.o
 .debug_loc     0x0000d456      0x2fd ..\obj\usbd_audio_out_if.o
 .debug_loc     0x0000d753      0x5f9 ..\obj\usbd_core.o
 .debug_loc     0x0000dd4c      0xa55 ..\obj\usb_dcd.o
 .debug_loc     0x0000e7a1      0xede ..\obj\arm_fir_f32.o
 .debug_loc     0x0000f67f      0x1dd ..\obj\main.o

.debug_aranges  0x00000000      0x448
 .debug_aranges
                0x00000000       0x20 ..\obj\stm32f4_discovery.o
 .debug_aranges
                0x00000020       0x20 ..\obj\stm32f4xx_tim.o
 .debug_aranges
                0x00000040       0x20 ..\obj\stm32f4xx_spi.o
 .debug_aranges
                0x00000060       0x20 ..\obj\system_stm32f4xx.o
 .debug_aranges
                0x00000080       0x20 ..\obj\stm32f4xx_i2c.o
 .debug_aranges
                0x000000a0       0x20 ..\obj\stm32f4xx_it.o
 .debug_aranges
                0x000000c0       0x20 ..\obj\stm32f4xx_dac.o
 .debug_aranges
                0x000000e0       0x20 ..\obj\arm_fir_init_f32.o
 .debug_aranges
                0x00000100       0x20 ..\obj\usbd_audio_core.o
 .debug_aranges
                0x00000120       0x20 ..\obj\usbd_req.o
 .debug_aranges
                0x00000140       0x20 ..\obj\stm32f4xx_dma.o
 .debug_aranges
                0x00000160       0x20 ..\obj\printf.o
 .debug_aranges
                0x00000180       0x20 ..\obj\stm32f4xx_syscfg.o
 .debug_aranges
                0x000001a0       0x20 ..\obj\pllsynth.o
 .debug_aranges
                0x000001c0       0x20 ..\obj\usb_dcd_int.o
 .debug_aranges
                0x000001e0       0x20 ..\obj\usbd_usr.o
 .debug_aranges
                0x00000200       0x20 ..\obj\stm32f4xx_exti.o
 .debug_aranges
                0x00000220       0x20 ..\obj\stm32f4xx_gpio.o
 .debug_aranges
                0x00000240       0x20 ..\obj\usbd_desc.o
 .debug_aranges
                0x00000260       0x20 ..\obj\usb_bsp.o
 .debug_aranges
                0x00000280       0x20 ..\obj\usbd_ioreq.o
 .debug_aranges
                0x000002a0       0x20 ..\obj\mpx.o
 .debug_aranges
                0x000002c0       0x20 ..\obj\stm32f4xx_rcc.o
 .debug_aranges
                0x000002e0       0x20 ..\obj\misc.o
 .debug_aranges
                0x00000300       0x20 ..\obj\resample.o
 .debug_aranges
                0x00000320       0x20 ..\obj\stm32f4_discovery_audio_codec.o
 .debug_aranges
                0x00000340       0x20 ..\obj\arm_fir_interpolate_init_f32.o
 .debug_aranges
                0x00000360       0x20 ..\obj\usb_core.o
 .debug_aranges
                0x00000380       0x20 ..\obj\usbd_audio_out_if.o
 .debug_aranges
                0x000003a0       0x20 ..\obj\usbd_core.o
 .debug_aranges
                0x000003c0       0x20 ..\obj\startup_stm32f4xx.o
 .debug_aranges
                0x000003e0       0x20 ..\obj\usb_dcd.o
 .debug_aranges
                0x00000400       0x20 ..\obj\arm_fir_f32.o
 .debug_aranges
                0x00000420       0x28 ..\obj\main.o

.debug_line     0x00000000     0x694e
 .debug_line    0x00000000      0x250 ..\obj\stm32f4_discovery.o
 .debug_line    0x00000250      0x78f ..\obj\stm32f4xx_tim.o
 .debug_line    0x000009df      0x2f9 ..\obj\stm32f4xx_spi.o
 .debug_line    0x00000cd8      0x1ac ..\obj\system_stm32f4xx.o
 .debug_line    0x00000e84      0x33f ..\obj\stm32f4xx_i2c.o
 .debug_line    0x000011c3      0x286 ..\obj\stm32f4xx_it.o
 .debug_line    0x00001449      0x269 ..\obj\stm32f4xx_dac.o
 .debug_line    0x000016b2      0x129 ..\obj\arm_fir_init_f32.o
 .debug_line    0x000017db      0x5a1 ..\obj\usbd_audio_core.o
 .debug_line    0x00001d7c      0x335 ..\obj\usbd_req.o
 .debug_line    0x000020b1      0x30f ..\obj\stm32f4xx_dma.o
 .debug_line    0x000023c0      0x563 ..\obj\printf.o
 .debug_line    0x00002923      0x1d4 ..\obj\stm32f4xx_syscfg.o
 .debug_line    0x00002af7      0x32e ..\obj\pllsynth.o
 .debug_line    0x00002e25      0x322 ..\obj\usb_dcd_int.o
 .debug_line    0x00003147      0x1eb ..\obj\usbd_usr.o
 .debug_line    0x00003332      0x213 ..\obj\stm32f4xx_exti.o
 .debug_line    0x00003545      0x2a0 ..\obj\stm32f4xx_gpio.o
 .debug_line    0x000037e5      0x1c7 ..\obj\usbd_desc.o
 .debug_line    0x000039ac      0x25c ..\obj\usb_bsp.o
 .debug_line    0x00003c08      0x1fa ..\obj\usbd_ioreq.o
 .debug_line    0x00003e02      0x30d ..\obj\mpx.o
 .debug_line    0x0000410f      0x32f ..\obj\stm32f4xx_rcc.o
 .debug_line    0x0000443e      0x1d7 ..\obj\misc.o
 .debug_line    0x00004615      0x195 ..\obj\resample.o
 .debug_line    0x000047aa      0x8ae ..\obj\stm32f4_discovery_audio_codec.o
 .debug_line    0x00005058      0x13d ..\obj\arm_fir_interpolate_init_f32.o
 .debug_line    0x00005195      0x73b ..\obj\usb_core.o
 .debug_line    0x000058d0      0x2a1 ..\obj\usbd_audio_out_if.o
 .debug_line    0x00005b71      0x2c8 ..\obj\usbd_core.o
 .debug_line    0x00005e39       0x72 ..\obj\startup_stm32f4xx.o
 .debug_line    0x00005eab      0x415 ..\obj\usb_dcd.o
 .debug_line    0x000062c0      0x258 ..\obj\arm_fir_f32.o
 .debug_line    0x00006518      0x436 ..\obj\main.o

.debug_str      0x00000000     0x67d1
 .debug_str     0x00000000      0xb4c ..\obj\stm32f4_discovery.o
                                0xbb1 (size before relaxing)
 .debug_str     0x00000b4c      0xc10 ..\obj\stm32f4xx_tim.o
                                0xe0e (size before relaxing)
 .debug_str     0x0000175c      0x452 ..\obj\stm32f4xx_spi.o
                                0x6b9 (size before relaxing)
 .debug_str     0x00001bae      0x11d ..\obj\system_stm32f4xx.o
                                0x3a4 (size before relaxing)
 .debug_str     0x00001ccb      0x432 ..\obj\stm32f4xx_i2c.o
                                0x69e (size before relaxing)
 .debug_str     0x000020fd      0x7e6 ..\obj\stm32f4xx_it.o
                                0xb3f (size before relaxing)
 .debug_str     0x000028e3      0x28e ..\obj\stm32f4xx_dac.o
                                0x47a (size before relaxing)
 .debug_str     0x00002b71       0xaa ..\obj\arm_fir_init_f32.o
                                0x204 (size before relaxing)
 .debug_str     0x00002c1b      0x645 ..\obj\usbd_audio_core.o
                               0x10d7 (size before relaxing)
 .debug_str     0x00003260      0x258 ..\obj\usbd_req.o
                                0xbc1 (size before relaxing)
 .debug_str     0x000034b8      0x362 ..\obj\stm32f4xx_dma.o
                                0x552 (size before relaxing)
 .debug_str     0x0000381a      0x4eb ..\obj\printf.o
                                0x6bc (size before relaxing)
 .debug_str     0x00003d05      0x14d ..\obj\stm32f4xx_syscfg.o
                                0x31b (size before relaxing)
 .debug_str     0x00003e52      0x12f ..\obj\pllsynth.o
                                0x6fd (size before relaxing)
 .debug_str     0x00003f81      0x801 ..\obj\usb_dcd_int.o
                               0x13dd (size before relaxing)
 .debug_str     0x00004782      0x133 ..\obj\usbd_usr.o
                                0x8be (size before relaxing)
 .debug_str     0x000048b5       0xdf ..\obj\stm32f4xx_exti.o
                                0x369 (size before relaxing)
 .debug_str     0x00004994      0x156 ..\obj\stm32f4xx_gpio.o
                                0x4da (size before relaxing)
 .debug_str     0x00004aea      0x13d ..\obj\usbd_desc.o
                                0x38f (size before relaxing)
 .debug_str     0x00004c27       0xba ..\obj\usb_bsp.o
                               0x117a (size before relaxing)
 .debug_str     0x00004ce1       0x8b ..\obj\usbd_ioreq.o
                                0xa30 (size before relaxing)
 .debug_str     0x00004d6c      0x486 ..\obj\mpx.o
                                0x6f2 (size before relaxing)
 .debug_str     0x000051f2      0x44a ..\obj\stm32f4xx_rcc.o
                                0x860 (size before relaxing)
 .debug_str     0x0000563c       0xf0 ..\obj\misc.o
                                0x3de (size before relaxing)
 .debug_str     0x0000572c       0xb6 ..\obj\resample.o
                                0x242 (size before relaxing)
 .debug_str     0x000057e2      0x609 ..\obj\stm32f4_discovery_audio_codec.o
                               0x17ba (size before relaxing)
 .debug_str     0x00005deb       0x59 ..\obj\arm_fir_interpolate_init_f32.o
                                0x2e6 (size before relaxing)
 .debug_str     0x00005e44      0x5c0 ..\obj\usb_core.o
                               0x16ee (size before relaxing)
 .debug_str     0x00006404       0x80 ..\obj\usbd_audio_out_if.o
                                0x371 (size before relaxing)
 .debug_str     0x00006484      0x102 ..\obj\usbd_core.o
                                0xbfd (size before relaxing)
 .debug_str     0x00006586       0x97 ..\obj\startup_stm32f4xx.o
                                0x145 (size before relaxing)
 .debug_str     0x0000661d       0x95 ..\obj\usb_dcd.o
                                0xc4c (size before relaxing)
 .debug_str     0x000066b2       0x94 ..\obj\arm_fir_f32.o
                                0x23f (size before relaxing)
 .debug_str     0x00006746       0x8b ..\obj\main.o
                               0x1471 (size before relaxing)

.comment        0x00000000       0x70
 .comment       0x00000000       0x70 ..\obj\stm32f4_discovery.o
                                 0x71 (size before relaxing)
 .comment       0x00000000       0x71 ..\obj\stm32f4xx_tim.o
 .comment       0x00000000       0x71 ..\obj\stm32f4xx_spi.o
 .comment       0x00000000       0x71 ..\obj\system_stm32f4xx.o
 .comment       0x00000000       0x71 ..\obj\stm32f4xx_i2c.o
 .comment       0x00000000       0x71 ..\obj\stm32f4xx_it.o
 .comment       0x00000000       0x71 ..\obj\stm32f4xx_dac.o
 .comment       0x00000000       0x71 ..\obj\arm_fir_init_f32.o
 .comment       0x00000000       0x71 ..\obj\usbd_audio_core.o
 .comment       0x00000000       0x71 ..\obj\usbd_req.o
 .comment       0x00000000       0x71 ..\obj\stm32f4xx_dma.o
 .comment       0x00000000       0x71 ..\obj\printf.o
 .comment       0x00000000       0x71 ..\obj\stm32f4xx_syscfg.o
 .comment       0x00000000       0x71 ..\obj\pllsynth.o
 .comment       0x00000000       0x71 ..\obj\usb_dcd_int.o
 .comment       0x00000000       0x71 ..\obj\usbd_usr.o
 .comment       0x00000000       0x71 ..\obj\stm32f4xx_exti.o
 .comment       0x00000000       0x71 ..\obj\stm32f4xx_gpio.o
 .comment       0x00000000       0x71 ..\obj\usbd_desc.o
 .comment       0x00000000       0x71 ..\obj\usb_bsp.o
 .comment       0x00000000       0x71 ..\obj\usbd_ioreq.o
 .comment       0x00000000       0x71 ..\obj\mpx.o
 .comment       0x00000000       0x71 ..\obj\stm32f4xx_rcc.o
 .comment       0x00000000       0x71 ..\obj\misc.o
 .comment       0x00000000       0x71 ..\obj\resample.o
 .comment       0x00000000       0x71 ..\obj\stm32f4_discovery_audio_codec.o
 .comment       0x00000000       0x71 ..\obj\arm_fir_interpolate_init_f32.o
 .comment       0x00000000       0x71 ..\obj\usb_core.o
 .comment       0x00000000       0x71 ..\obj\usbd_audio_out_if.o
 .comment       0x00000000       0x71 ..\obj\usbd_core.o
 .comment       0x00000000       0x71 ..\obj\startup_stm32f4xx.o
 .comment       0x00000000       0x71 ..\obj\usb_dcd.o
 .comment       0x00000000       0x71 ..\obj\arm_fir_f32.o
 .comment       0x00000000       0x71 ..\obj\main.o

.ARM.attributes
                0x00000000       0x37
 .ARM.attributes
                0x00000000       0x39 ..\obj\stm32f4_discovery.o
 .ARM.attributes
                0x00000039       0x39 ..\obj\stm32f4xx_tim.o
 .ARM.attributes
                0x00000072       0x39 ..\obj\stm32f4xx_spi.o
 .ARM.attributes
                0x000000ab       0x39 ..\obj\system_stm32f4xx.o
 .ARM.attributes
                0x000000e4       0x39 ..\obj\stm32f4xx_i2c.o
 .ARM.attributes
                0x0000011d       0x39 ..\obj\stm32f4xx_it.o
 .ARM.attributes
                0x00000156       0x39 ..\obj\stm32f4xx_dac.o
 .ARM.attributes
                0x0000018f       0x39 ..\obj\arm_fir_init_f32.o
 .ARM.attributes
                0x000001c8       0x39 ..\obj\usbd_audio_core.o
 .ARM.attributes
                0x00000201       0x39 ..\obj\usbd_req.o
 .ARM.attributes
                0x0000023a       0x39 ..\obj\stm32f4xx_dma.o
 .ARM.attributes
                0x00000273       0x39 ..\obj\printf.o
 .ARM.attributes
                0x000002ac       0x39 ..\obj\stm32f4xx_syscfg.o
 .ARM.attributes
                0x000002e5       0x39 ..\obj\pllsynth.o
 .ARM.attributes
                0x0000031e       0x39 ..\obj\usb_dcd_int.o
 .ARM.attributes
                0x00000357       0x39 ..\obj\usbd_usr.o
 .ARM.attributes
                0x00000390       0x39 ..\obj\stm32f4xx_exti.o
 .ARM.attributes
                0x000003c9       0x39 ..\obj\stm32f4xx_gpio.o
 .ARM.attributes
                0x00000402       0x39 ..\obj\usbd_desc.o
 .ARM.attributes
                0x0000043b       0x39 ..\obj\usb_bsp.o
 .ARM.attributes
                0x00000474       0x39 ..\obj\usbd_ioreq.o
 .ARM.attributes
                0x000004ad       0x39 ..\obj\mpx.o
 .ARM.attributes
                0x000004e6       0x39 ..\obj\stm32f4xx_rcc.o
 .ARM.attributes
                0x0000051f       0x39 ..\obj\misc.o
 .ARM.attributes
                0x00000558       0x39 ..\obj\resample.o
 .ARM.attributes
                0x00000591       0x39 ..\obj\stm32f4_discovery_audio_codec.o
 .ARM.attributes
                0x000005ca       0x39 ..\obj\arm_fir_interpolate_init_f32.o
 .ARM.attributes
                0x00000603       0x39 ..\obj\usb_core.o
 .ARM.attributes
                0x0000063c       0x39 ..\obj\usbd_audio_out_if.o
 .ARM.attributes
                0x00000675       0x39 ..\obj\usbd_core.o
 .ARM.attributes
                0x000006ae       0x39 ..\obj\startup_stm32f4xx.o
 .ARM.attributes
                0x000006e7       0x39 ..\obj\usb_dcd.o
 .ARM.attributes
                0x00000720       0x39 ..\obj\arm_fir_f32.o
 .ARM.attributes
                0x00000759       0x39 ..\obj\main.o
 .ARM.attributes
                0x00000792       0x22 g:/arm-eabi/bin/../lib/gcc/arm-none-eabi/4.9.3/armv7e-m/fpu\libgcc.a(_arm_addsubdf3.o)
 .ARM.attributes
                0x000007b4       0x22 g:/arm-eabi/bin/../lib/gcc/arm-none-eabi/4.9.3/armv7e-m/fpu\libgcc.a(_arm_truncdfsf2.o)
 .ARM.attributes
                0x000007d6       0x20 g:/arm-eabi/bin/../lib/gcc/arm-none-eabi/4.9.3/../../../../arm-none-eabi/lib/armv7e-m/fpu\libg.a(lib_a-memcpy.o)
 .ARM.attributes
                0x000007f6       0x34 g:/arm-eabi/bin/../lib/gcc/arm-none-eabi/4.9.3/../../../../arm-none-eabi/lib/armv7e-m/fpu\libg.a(lib_a-memset.o)

.debug_frame    0x00000000     0x2d30
 .debug_frame   0x00000000       0xa0 ..\obj\stm32f4_discovery.o
 .debug_frame   0x000000a0      0x6f8 ..\obj\stm32f4xx_tim.o
 .debug_frame   0x00000798      0x1f8 ..\obj\stm32f4xx_spi.o
 .debug_frame   0x00000990       0x3c ..\obj\system_stm32f4xx.o
 .debug_frame   0x000009cc      0x274 ..\obj\stm32f4xx_i2c.o
 .debug_frame   0x00000c40       0xf0 ..\obj\stm32f4xx_it.o
 .debug_frame   0x00000d30      0x158 ..\obj\stm32f4xx_dac.o
 .debug_frame   0x00000e88       0x2c ..\obj\arm_fir_init_f32.o
 .debug_frame   0x00000eb4      0x25c ..\obj\usbd_audio_core.o
 .debug_frame   0x00001110       0xc4 ..\obj\usbd_req.o
 .debug_frame   0x000011d4      0x1b8 ..\obj\stm32f4xx_dma.o
 .debug_frame   0x0000138c      0x2c4 ..\obj\printf.o
 .debug_frame   0x00001650       0x88 ..\obj\stm32f4xx_syscfg.o
 .debug_frame   0x000016d8      0x10c ..\obj\pllsynth.o
 .debug_frame   0x000017e4       0x40 ..\obj\usb_dcd_int.o
 .debug_frame   0x00001824       0x7c ..\obj\usbd_usr.o
 .debug_frame   0x000018a0       0xb4 ..\obj\stm32f4xx_exti.o
 .debug_frame   0x00001954      0x164 ..\obj\stm32f4xx_gpio.o
 .debug_frame   0x00001ab8       0xa8 ..\obj\usbd_desc.o
 .debug_frame   0x00001b60       0x70 ..\obj\usb_bsp.o
 .debug_frame   0x00001bd0       0xb8 ..\obj\usbd_ioreq.o
 .debug_frame   0x00001c88      0x10c ..\obj\mpx.o
 .debug_frame   0x00001d94      0x2f0 ..\obj\stm32f4xx_rcc.o
 .debug_frame   0x00002084       0x74 ..\obj\misc.o
 .debug_frame   0x000020f8       0x6c ..\obj\resample.o
 .debug_frame   0x00002164      0x314 ..\obj\stm32f4_discovery_audio_codec.o
 .debug_frame   0x00002478       0x2c ..\obj\arm_fir_interpolate_init_f32.o
 .debug_frame   0x000024a4      0x344 ..\obj\usb_core.o
 .debug_frame   0x000027e8       0xa4 ..\obj\usbd_audio_out_if.o
 .debug_frame   0x0000288c      0x16c ..\obj\usbd_core.o
 .debug_frame   0x000029f8       0x3c ..\obj\startup_stm32f4xx.o
 .debug_frame   0x00002a34      0x148 ..\obj\usb_dcd.o
 .debug_frame   0x00002b7c       0x98 ..\obj\arm_fir_f32.o
 .debug_frame   0x00002c14       0xe8 ..\obj\main.o
 .debug_frame   0x00002cfc       0x34 g:/arm-eabi/bin/../lib/gcc/arm-none-eabi/4.9.3/../../../../arm-none-eabi/lib/armv7e-m/fpu\libg.a(lib_a-memset.o)

.debug_ranges   0x00000000      0xad8
 .debug_ranges  0x00000000       0xa8 ..\obj\stm32f4xx_tim.o
 .debug_ranges  0x000000a8       0x18 ..\obj\system_stm32f4xx.o
 .debug_ranges  0x000000c0       0x80 ..\obj\usbd_audio_core.o
 .debug_ranges  0x00000140      0x140 ..\obj\usbd_req.o
 .debug_ranges  0x00000280      0x3a8 ..\obj\printf.o
 .debug_ranges  0x00000628       0x68 ..\obj\usb_dcd_int.o
 .debug_ranges  0x00000690       0x48 ..\obj\usbd_usr.o
 .debug_ranges  0x000006d8       0x30 ..\obj\usbd_desc.o
 .debug_ranges  0x00000708       0x20 ..\obj\stm32f4xx_rcc.o
 .debug_ranges  0x00000728       0x38 ..\obj\resample.o
 .debug_ranges  0x00000760      0x220 ..\obj\stm32f4_discovery_audio_codec.o
 .debug_ranges  0x00000980      0x100 ..\obj\usb_core.o
 .debug_ranges  0x00000a80       0x58 ..\obj\main.o
