###############################################################################
#                                                                             #
# IAR ELF Linker V6.30.4.53288/W32 for ARM              27/Apr/2012  20:37:41 #
# Copyright 2007-2011 IAR Systems AB.                                         #
#                                                                             #
#    Output file  =  D:\MYPROGS\STM32F4\my_proj\my_mouse_hid\EWARM\Demo\Exe\S #
#                    TM32F4-Discovery_Demo.out                                #
#    Map file     =  D:\MYPROGS\STM32F4\my_proj\my_mouse_hid\EWARM\Demo\List\ #
#                    STM32F4-Discovery_Demo.map                               #
#    Command line =  D:\MYPROGS\STM32F4\my_proj\my_mouse_hid\EWARM\Demo\Obj\m #
#                    ain.o D:\MYPROGS\STM32F4\my_proj\my_mouse_hid\EWARM\Demo #
#                    \Obj\misc.o D:\MYPROGS\STM32F4\my_proj\my_mouse_hid\EWAR #
#                    M\Demo\Obj\startup_stm32f4xx.o                           #
#                    D:\MYPROGS\STM32F4\my_proj\my_mouse_hid\EWARM\Demo\Obj\s #
#                    tm32f4_discovery.o D:\MYPROGS\STM32F4\my_proj\my_mouse_h #
#                    id\EWARM\Demo\Obj\stm32f4xx_adc.o                        #
#                    D:\MYPROGS\STM32F4\my_proj\my_mouse_hid\EWARM\Demo\Obj\s #
#                    tm32f4xx_dac.o D:\MYPROGS\STM32F4\my_proj\my_mouse_hid\E #
#                    WARM\Demo\Obj\stm32f4xx_dma.o                            #
#                    D:\MYPROGS\STM32F4\my_proj\my_mouse_hid\EWARM\Demo\Obj\s #
#                    tm32f4xx_exti.o D:\MYPROGS\STM32F4\my_proj\my_mouse_hid\ #
#                    EWARM\Demo\Obj\stm32f4xx_flash.o                         #
#                    D:\MYPROGS\STM32F4\my_proj\my_mouse_hid\EWARM\Demo\Obj\s #
#                    tm32f4xx_gpio.o D:\MYPROGS\STM32F4\my_proj\my_mouse_hid\ #
#                    EWARM\Demo\Obj\stm32f4xx_i2c.o                           #
#                    D:\MYPROGS\STM32F4\my_proj\my_mouse_hid\EWARM\Demo\Obj\s #
#                    tm32f4xx_it.o D:\MYPROGS\STM32F4\my_proj\my_mouse_hid\EW #
#                    ARM\Demo\Obj\stm32f4xx_rcc.o                             #
#                    D:\MYPROGS\STM32F4\my_proj\my_mouse_hid\EWARM\Demo\Obj\s #
#                    tm32f4xx_spi.o D:\MYPROGS\STM32F4\my_proj\my_mouse_hid\E #
#                    WARM\Demo\Obj\stm32f4xx_syscfg.o                         #
#                    D:\MYPROGS\STM32F4\my_proj\my_mouse_hid\EWARM\Demo\Obj\s #
#                    tm32f4xx_tim.o D:\MYPROGS\STM32F4\my_proj\my_mouse_hid\E #
#                    WARM\Demo\Obj\system_stm32f4xx.o                         #
#                    D:\MYPROGS\STM32F4\my_proj\my_mouse_hid\EWARM\Demo\Obj\u #
#                    sb_bsp.o D:\MYPROGS\STM32F4\my_proj\my_mouse_hid\EWARM\D #
#                    emo\Obj\usb_core.o D:\MYPROGS\STM32F4\my_proj\my_mouse_h #
#                    id\EWARM\Demo\Obj\usb_dcd.o                              #
#                    D:\MYPROGS\STM32F4\my_proj\my_mouse_hid\EWARM\Demo\Obj\u #
#                    sb_dcd_int.o D:\MYPROGS\STM32F4\my_proj\my_mouse_hid\EWA #
#                    RM\Demo\Obj\usbd_core.o D:\MYPROGS\STM32F4\my_proj\my_mo #
#                    use_hid\EWARM\Demo\Obj\usbd_desc.o                       #
#                    D:\MYPROGS\STM32F4\my_proj\my_mouse_hid\EWARM\Demo\Obj\u #
#                    sbd_hid_core.o D:\MYPROGS\STM32F4\my_proj\my_mouse_hid\E #
#                    WARM\Demo\Obj\usbd_ioreq.o D:\MYPROGS\STM32F4\my_proj\my #
#                    _mouse_hid\EWARM\Demo\Obj\usbd_req.o                     #
#                    D:\MYPROGS\STM32F4\my_proj\my_mouse_hid\EWARM\Demo\Obj\u #
#                    sbd_usr.o --redirect _Printf=_PrintfFull --redirect      #
#                    _Scanf=_ScanfFull -o D:\MYPROGS\STM32F4\my_proj\my_mouse #
#                    _hid\EWARM\Demo\Exe\STM32F4-Discovery_Demo.out --map     #
#                    D:\MYPROGS\STM32F4\my_proj\my_mouse_hid\EWARM\Demo\List\ #
#                    STM32F4-Discovery_Demo.map --config                      #
#                    D:\MYPROGS\STM32F4\my_proj\my_mouse_hid\EWARM\stm32f40x_ #
#                    flash.icf --semihosting --entry __iar_program_start      #
#                    --vfe                                                    #
#                                                                             #
#                                                                             #
###############################################################################

*******************************************************************************
*** RUNTIME MODEL ATTRIBUTES
***

CppFlavor       = *
__SystemLibrary = DLib


*******************************************************************************
*** PLACEMENT SUMMARY
***

"A1":  place at 0x08000000 { ro section .intvec };
"P1":  place in [from 0x08000000 to 0x080fffff] { ro };
"P2":  place in [from 0x20000000 to 0x20020000] { rw, block CSTACK, block HEAP };

  Section            Kind        Address    Size  Object
  -------            ----        -------    ----  ------
"A1":                                      0x188
  .intvec            ro code  0x08000000   0x188  startup_stm32f4xx.o [1]
                            - 0x08000188   0x188

"P1":                                     0x3178
  .text              ro code  0x08000188   0xbb6  usb_core.o [1]
  .text              ro code  0x08000d3e    0x2e  copy_init3.o [5]
  .text              ro code  0x08000d6c   0x104  usb_bsp.o [1]
  .text              ro code  0x08000e70   0x19c  stm32f4xx_rcc.o [1]
  .text              ro code  0x0800100c   0x11e  stm32f4xx_gpio.o [1]
  .text              ro code  0x0800112a    0x22  zero_init3.o [5]
  .text              ro code  0x0800114c    0xa4  stm32f4xx_exti.o [1]
  .text              ro code  0x080011f0    0x88  misc.o [1]
  .text              ro code  0x08001278   0x6ce  usb_dcd_int.o [1]
  .rodata            const    0x08001946     0x2  stm32f4_discovery.o [1]
  .text              ro code  0x08001948   0x6c0  usbd_req.o [1]
  .text              ro code  0x08002008    0xb4  usbd_ioreq.o [1]
  .text              ro code  0x080020bc   0x30a  usb_dcd.o [1]
  .text              ro code  0x080023c6   0x2c8  usbd_core.o [1]
  .rodata            const    0x0800268e     0x2  stm32f4_discovery.o [1]
  .text              ro code  0x08002690   0x170  system_stm32f4xx.o [1]
  .text              ro code  0x08002800   0x16a  usbd_hid_core.o [1]
  .rodata            const    0x0800296a     0x1  stm32f4_discovery.o [1]
  .rodata            const    0x0800296b     0x1  stm32f4_discovery.o [1]
  .text              ro code  0x0800296c   0x150  stm32f4_discovery.o [1]
  .text              ro code  0x08002abc    0x54  stm32f4xx_syscfg.o [1]
  .text              ro code  0x08002b10   0x148  stm32f4xx_it.o [1]
  .text              ro code  0x08002c58   0x114  main.o [1]
  .text              ro code  0x08002d6c    0xe8  usbd_desc.o [1]
  .text              ro code  0x08002e54    0xa0  usbd_usr.o [1]
  .text              ro code  0x08002ef4    0x2c  data_init3.o [5]
  .iar.init_table    const    0x08002f20    0x24  - Linker created -
  .text              ro code  0x08002f44    0x1a  fpinit_M.o [4]
  .rodata            const    0x08002f5e     0x1  stm32f4_discovery.o [1]
  .text              ro code  0x08002f60    0x16  cmain.o [5]
  .text              ro code  0x08002f76     0x4  low_level_init.o [3]
  .text              ro code  0x08002f7a     0x4  exit.o [3]
  .text              ro code  0x08002f80     0xa  cexit.o [5]
  .text              ro code  0x08002f8c    0x14  exit.o [6]
  .rodata            const    0x08002fa0    0x14  usbd_desc.o [1]
  .rodata            const    0x08002fb4    0x14  usbd_desc.o [1]
  .rodata            const    0x08002fc8    0x14  usbd_desc.o [1]
  .rodata            const    0x08002fdc    0x10  stm32f4_discovery.o [1]
  .rodata            const    0x08002fec    0x10  usbd_desc.o [1]
  .rodata            const    0x08002ffc    0x10  usbd_desc.o [1]
  .rodata            const    0x0800300c    0x10  usbd_desc.o [1]
  .text              ro code  0x0800301c    0x10  startup_stm32f4xx.o [1]
  .rodata            const    0x0800302c     0xc  usbd_desc.o [1]
  .text              ro code  0x08003038     0xc  cstartup_M.o [5]
  .rodata            const    0x08003044     0x8  stm32f4_discovery.o [1]
  .rodata            const    0x0800304c     0x4  stm32f4_discovery.o [1]
  .text              ro code  0x08003050     0x4  startup_stm32f4xx.o [1]
  .text              ro code  0x08003054     0x4  startup_stm32f4xx.o [1]
  .text              ro code  0x08003058     0x4  startup_stm32f4xx.o [1]
  .text              ro code  0x0800305c     0x4  startup_stm32f4xx.o [1]
  .text              ro code  0x08003060     0x4  startup_stm32f4xx.o [1]
  .text              ro code  0x08003064     0x4  startup_stm32f4xx.o [1]
  .text              ro code  0x08003068     0x4  startup_stm32f4xx.o [1]
  .text              ro code  0x0800306c     0x4  startup_stm32f4xx.o [1]
  .text              ro code  0x08003070     0x4  startup_stm32f4xx.o [1]
  .text              ro code  0x08003074     0x4  startup_stm32f4xx.o [1]
  .text              ro code  0x08003078     0x4  startup_stm32f4xx.o [1]
  .text              ro code  0x0800307c     0x4  startup_stm32f4xx.o [1]
  .text              ro code  0x08003080     0x4  startup_stm32f4xx.o [1]
  .text              ro code  0x08003084     0x4  startup_stm32f4xx.o [1]
  .text              ro code  0x08003088     0x4  startup_stm32f4xx.o [1]
  .text              ro code  0x0800308c     0x4  startup_stm32f4xx.o [1]
  .text              ro code  0x08003090     0x4  startup_stm32f4xx.o [1]
  .text              ro code  0x08003094     0x4  startup_stm32f4xx.o [1]
  .text              ro code  0x08003098     0x4  startup_stm32f4xx.o [1]
  .text              ro code  0x0800309c     0x4  startup_stm32f4xx.o [1]
  .text              ro code  0x080030a0     0x4  startup_stm32f4xx.o [1]
  .text              ro code  0x080030a4     0x4  startup_stm32f4xx.o [1]
  .text              ro code  0x080030a8     0x4  startup_stm32f4xx.o [1]
  .text              ro code  0x080030ac     0x4  startup_stm32f4xx.o [1]
  .text              ro code  0x080030b0     0x4  startup_stm32f4xx.o [1]
  .text              ro code  0x080030b4     0x4  startup_stm32f4xx.o [1]
  .text              ro code  0x080030b8     0x4  startup_stm32f4xx.o [1]
  .text              ro code  0x080030bc     0x4  startup_stm32f4xx.o [1]
  .text              ro code  0x080030c0     0x4  startup_stm32f4xx.o [1]
  .text              ro code  0x080030c4     0x4  startup_stm32f4xx.o [1]
  .text              ro code  0x080030c8     0x4  startup_stm32f4xx.o [1]
  .text              ro code  0x080030cc     0x4  startup_stm32f4xx.o [1]
  .text              ro code  0x080030d0     0x4  startup_stm32f4xx.o [1]
  .text              ro code  0x080030d4     0x4  startup_stm32f4xx.o [1]
  .text              ro code  0x080030d8     0x4  startup_stm32f4xx.o [1]
  .text              ro code  0x080030dc     0x4  startup_stm32f4xx.o [1]
  .text              ro code  0x080030e0     0x4  startup_stm32f4xx.o [1]
  .text              ro code  0x080030e4     0x4  startup_stm32f4xx.o [1]
  .text              ro code  0x080030e8     0x4  startup_stm32f4xx.o [1]
  .text              ro code  0x080030ec     0x4  startup_stm32f4xx.o [1]
  .text              ro code  0x080030f0     0x4  startup_stm32f4xx.o [1]
  .text              ro code  0x080030f4     0x4  startup_stm32f4xx.o [1]
  .text              ro code  0x080030f8     0x4  startup_stm32f4xx.o [1]
  .text              ro code  0x080030fc     0x4  startup_stm32f4xx.o [1]
  .text              ro code  0x08003100     0x4  startup_stm32f4xx.o [1]
  .text              ro code  0x08003104     0x4  startup_stm32f4xx.o [1]
  .text              ro code  0x08003108     0x4  startup_stm32f4xx.o [1]
  .text              ro code  0x0800310c     0x4  startup_stm32f4xx.o [1]
  .text              ro code  0x08003110     0x4  startup_stm32f4xx.o [1]
  .text              ro code  0x08003114     0x4  startup_stm32f4xx.o [1]
  .text              ro code  0x08003118     0x4  startup_stm32f4xx.o [1]
  .text              ro code  0x0800311c     0x4  startup_stm32f4xx.o [1]
  .text              ro code  0x08003120     0x4  startup_stm32f4xx.o [1]
  .text              ro code  0x08003124     0x4  startup_stm32f4xx.o [1]
  .text              ro code  0x08003128     0x4  startup_stm32f4xx.o [1]
  .text              ro code  0x0800312c     0x4  startup_stm32f4xx.o [1]
  .text              ro code  0x08003130     0x4  startup_stm32f4xx.o [1]
  .text              ro code  0x08003134     0x4  startup_stm32f4xx.o [1]
  .text              ro code  0x08003138     0x4  startup_stm32f4xx.o [1]
  .text              ro code  0x0800313c     0x4  startup_stm32f4xx.o [1]
  .text              ro code  0x08003140     0x4  startup_stm32f4xx.o [1]
  .text              ro code  0x08003144     0x4  startup_stm32f4xx.o [1]
  .text              ro code  0x08003148     0x4  startup_stm32f4xx.o [1]
  .text              ro code  0x0800314c     0x4  startup_stm32f4xx.o [1]
  .text              ro code  0x08003150     0x4  startup_stm32f4xx.o [1]
  .text              ro code  0x08003154     0x4  startup_stm32f4xx.o [1]
  .text              ro code  0x08003158     0x4  startup_stm32f4xx.o [1]
  .text              ro code  0x0800315c     0x4  startup_stm32f4xx.o [1]
  .text              ro code  0x08003160     0x4  startup_stm32f4xx.o [1]
  .text              ro code  0x08003164     0x4  startup_stm32f4xx.o [1]
  .text              ro code  0x08003168     0x4  startup_stm32f4xx.o [1]
  .text              ro code  0x0800316c     0x4  startup_stm32f4xx.o [1]
  .text              ro code  0x08003170     0x4  startup_stm32f4xx.o [1]
  .text              ro code  0x08003174     0x4  startup_stm32f4xx.o [1]
  .text              ro code  0x08003178     0x4  startup_stm32f4xx.o [1]
  .text              ro code  0x0800317c     0x4  startup_stm32f4xx.o [1]
  .text              ro code  0x08003180     0x4  startup_stm32f4xx.o [1]
  .text              ro code  0x08003184     0x4  startup_stm32f4xx.o [1]
  .text              ro code  0x08003188     0x4  startup_stm32f4xx.o [1]
  .text              ro code  0x0800318c     0x4  startup_stm32f4xx.o [1]
  .text              ro code  0x08003190     0x4  startup_stm32f4xx.o [1]
  .text              ro code  0x08003194     0x4  startup_stm32f4xx.o [1]
  .text              ro code  0x08003198     0x4  startup_stm32f4xx.o [1]
  .text              ro code  0x0800319c     0x4  startup_stm32f4xx.o [1]
  .text              ro code  0x080031a0     0x4  startup_stm32f4xx.o [1]
  .text              ro code  0x080031a4     0x4  startup_stm32f4xx.o [1]
  .text              ro code  0x080031a8     0x4  startup_stm32f4xx.o [1]
  .text              ro code  0x080031ac     0x4  startup_stm32f4xx.o [1]
  .text              ro code  0x080031b0     0x4  startup_stm32f4xx.o [1]
  .text              ro code  0x080031b4     0x4  startup_stm32f4xx.o [1]
  .text              ro code  0x080031b8     0x4  startup_stm32f4xx.o [1]
  .rodata            const    0x080031bc     0x0  bwt_init3c.o [5]
  Initializer bytes  ro data  0x080031bc   0x144  <for P2 s0>
                            - 0x08003300  0x3178

"P2", part 1 of 3:                         0x144
  P2 s0                       0x20000000   0x144  <Init block>
    .data            inited   0x20000000    0x4c  usbd_hid_core.o [1]
    .data            inited   0x2000004c    0x2c  usbd_core.o [1]
    .data            inited   0x20000078    0x2c  usbd_hid_core.o [1]
    .data            inited   0x200000a4    0x24  usbd_hid_core.o [1]
    .data            inited   0x200000c8    0x1c  usbd_desc.o [1]
    .data            inited   0x200000e4    0x1c  usbd_usr.o [1]
    .data            inited   0x20000100    0x14  usbd_desc.o [1]
    .data            inited   0x20000114    0x10  stm32f4_discovery.o [1]
    .data            inited   0x20000124    0x10  stm32f4xx_rcc.o [1]
    .data            inited   0x20000134     0x4  stm32f4_discovery.o [1]
    .data            inited   0x20000138     0x4  system_stm32f4xx.o [1]
    .data            inited   0x2000013c     0x4  usbd_core.o [1]
    .data            inited   0x20000140     0x4  usbd_desc.o [1]
                            - 0x20000144   0x144

"P2", part 2 of 3:                         0x65c
  .bss               zero     0x20000144   0x5f0  main.o [1]
  .bss               zero     0x20000734    0x40  usbd_req.o [1]
  .bss               zero     0x20000774     0x8  main.o [1]
  .bss               zero     0x2000077c     0x4  main.o [1]
  .bss               zero     0x20000780     0x4  stm32f4xx_it.o [1]
  .bss               zero     0x20000784     0x4  usbd_hid_core.o [1]
  .bss               zero     0x20000788     0x4  usbd_hid_core.o [1]
  .bss               zero     0x2000078c     0x4  usbd_hid_core.o [1]
  .bss               zero     0x20000790     0x4  usbd_req.o [1]
  .bss               zero     0x20000794     0x4  usbd_req.o [1]
  .bss               zero     0x20000798     0x4  usbd_req.o [1]
  .bss               zero     0x2000079c     0x1  main.o [1]
  .bss               zero     0x2000079d     0x1  main.o [1]
  .bss               zero     0x2000079e     0x1  stm32f4xx_it.o [1]
  .bss               zero     0x2000079f     0x1  usbd_req.o [1]
                            - 0x200007a0   0x65c

"P2", part 3 of 3:                         0x400
  CSTACK                      0x200007a0   0x400  <Block>
    CSTACK           uninit   0x200007a0   0x400  <Block tail>
                            - 0x20000ba0   0x400


*******************************************************************************
*** INIT TABLE
***

          Address     Size
          -------     ----
Zero (__iar_zero_init3)
    1 destination range, total size 0x65c:
          0x20000144  0x65c

Copy (__iar_copy_init3)
    1 source range, total size 0x144:
          0x080031bc  0x144
    1 destination range, total size 0x144:
          0x20000000  0x144



*******************************************************************************
*** MODULE SUMMARY
***

    Module               ro code  ro data  rw data
    ------               -------  -------  -------
D:\MYPROGS\STM32F4\my_proj\my_mouse_hid\EWARM\Demo\Obj: [1]
    main.o                   276             1 534
    misc.o                   136
    startup_stm32f4xx.o      772
    stm32f4_discovery.o      336       55       20
    stm32f4xx_exti.o         164
    stm32f4xx_gpio.o         286
    stm32f4xx_it.o           328                 5
    stm32f4xx_rcc.o          412       16       16
    stm32f4xx_syscfg.o        84
    system_stm32f4xx.o       368        4        4
    usb_bsp.o                260
    usb_core.o             2 998
    usb_dcd.o                778
    usb_dcd_int.o          1 742
    usbd_core.o              712       48       48
    usbd_desc.o              232      172       52
    usbd_hid_core.o          362      156      168
    usbd_ioreq.o             180
    usbd_req.o             1 728                77
    usbd_usr.o               160       28       28
    ----------------------------------------------
    Total:                12 314      479    1 952

command line: [2]
    ----------------------------------------------
    Total:

dl7M_tlf.a: [3]
    exit.o                     4
    low_level_init.o           4
    ----------------------------------------------
    Total:                     8

m7M_tlv.a: [4]
    fpinit_M.o                26
    ----------------------------------------------
    Total:                    26

rt7M_tl.a: [5]
    bwt_init3c.o
    cexit.o                   10
    cmain.o                   22
    copy_init3.o              46
    cstartup_M.o              12
    data_init3.o              44
    zero_init3.o              34
    ----------------------------------------------
    Total:                   168

shb_l.a: [6]
    exit.o                    20
    ----------------------------------------------
    Total:                    20

    Gaps                       5
    Linker created                     36    1 024
--------------------------------------------------
    Grand Total:          12 541      515    2 976


*******************************************************************************
*** ENTRY LIST
***

Entry                      Address   Size  Type      Object
-----                      -------   ----  ----      ------
?main                   0x08002f61         Code  Gb  cmain.o [5]
ADC_IRQHandler          0x080030bd         Code  Wk  startup_stm32f4xx.o [1]
APBAHBPrescTable        0x20000124   0x10  Data  Lc  stm32f4xx_rcc.o [1]
BUTTON_CLK              0x0800304c    0x4  Data  Gb  stm32f4_discovery.o [1]
BUTTON_EXTI_LINE        0x0800268e    0x2  Data  Gb  stm32f4_discovery.o [1]
BUTTON_IRQn             0x08002f5e    0x1  Data  Gb  stm32f4_discovery.o [1]
BUTTON_PIN              0x08001946    0x2  Data  Gb  stm32f4_discovery.o [1]
BUTTON_PIN_SOURCE       0x0800296b    0x1  Data  Gb  stm32f4_discovery.o [1]
BUTTON_PORT             0x20000134    0x4  Data  Gb  stm32f4_discovery.o [1]
BUTTON_PORT_SOURCE      0x0800296a    0x1  Data  Gb  stm32f4_discovery.o [1]
Buffer                  0x20000774    0x8  Data  Gb  main.o [1]
BusFault_Handler        0x08002b17    0x2  Code  Gb  stm32f4xx_it.o [1]
CAN1_RX0_IRQHandler     0x080030c5         Code  Wk  startup_stm32f4xx.o [1]
CAN1_RX1_IRQHandler     0x080030c9         Code  Wk  startup_stm32f4xx.o [1]
CAN1_SCE_IRQHandler     0x080030cd         Code  Wk  startup_stm32f4xx.o [1]
CAN1_TX_IRQHandler      0x080030c1         Code  Wk  startup_stm32f4xx.o [1]
CAN2_RX0_IRQHandler     0x08003175         Code  Wk  startup_stm32f4xx.o [1]
CAN2_RX1_IRQHandler     0x08003179         Code  Wk  startup_stm32f4xx.o [1]
CAN2_SCE_IRQHandler     0x0800317d         Code  Wk  startup_stm32f4xx.o [1]
CAN2_TX_IRQHandler      0x08003171         Code  Wk  startup_stm32f4xx.o [1]
CRYP_IRQHandler         0x080031b1         Code  Wk  startup_stm32f4xx.o [1]
CSTACK$$Base            0x200007a0          --   Gb  - Linker created -
CSTACK$$Limit           0x20000ba0          --   Gb  - Linker created -
Counter                 0x2000079e    0x1  Data  Gb  stm32f4xx_it.o [1]
DCD_EP_Close            0x080021db   0x4a  Code  Gb  usb_dcd.o [1]
DCD_EP_ClrStall         0x08002339   0x50  Code  Gb  usb_dcd.o [1]
DCD_EP_Flush            0x08002389   0x24  Code  Gb  usb_dcd.o [1]
DCD_EP_Open             0x0800215f   0x7c  Code  Gb  usb_dcd.o [1]
DCD_EP_PrepareRx        0x08002225   0x66  Code  Gb  usb_dcd.o [1]
DCD_EP_SetAddress       0x080023ad   0x1a  Code  Gb  usb_dcd.o [1]
DCD_EP_Stall            0x080022e9   0x50  Code  Gb  usb_dcd.o [1]
DCD_EP_Tx               0x0800228b   0x5e  Code  Gb  usb_dcd.o [1]
DCD_HandleEnumDone_ISR  0x08001885   0x4e  Code  Lc  usb_dcd_int.o [1]
DCD_HandleInEP_ISR      0x0800141b  0x13e  Code  Lc  usb_dcd_int.o [1]
DCD_HandleOutEP_ISR     0x08001559   0xf8  Code  Lc  usb_dcd_int.o [1]
DCD_HandleResume_ISR    0x08001361   0x4c  Code  Lc  usb_dcd_int.o [1]
DCD_HandleRxStatusQueueLevel_ISR
                        0x0800166f   0xa4  Code  Lc  usb_dcd_int.o [1]
DCD_HandleSof_ISR       0x08001651   0x1e  Code  Lc  usb_dcd_int.o [1]
DCD_HandleUSBSuspend_ISR
                        0x080013ad   0x6e  Code  Lc  usb_dcd_int.o [1]
DCD_HandleUsbReset_ISR  0x080017b3   0xd2  Code  Lc  usb_dcd_int.o [1]
DCD_Init                0x080020bd   0xa2  Code  Gb  usb_dcd.o [1]
DCD_IsoINIncomplete_ISR
                        0x080018d3   0x1e  Code  Lc  usb_dcd_int.o [1]
DCD_IsoOUTIncomplete_ISR
                        0x080018f1   0x1e  Code  Lc  usb_dcd_int.o [1]
DCD_ReadDevInEP         0x08001919   0x2e  Code  Lc  usb_dcd_int.o [1]
DCD_WriteEmptyTxFifo    0x08001713   0xa0  Code  Lc  usb_dcd_int.o [1]
DCMI_IRQHandler         0x080031ad         Code  Wk  startup_stm32f4xx.o [1]
DMA1_Stream0_IRQHandler
                        0x080030a1         Code  Wk  startup_stm32f4xx.o [1]
DMA1_Stream1_IRQHandler
                        0x080030a5         Code  Wk  startup_stm32f4xx.o [1]
DMA1_Stream2_IRQHandler
                        0x080030a9         Code  Wk  startup_stm32f4xx.o [1]
DMA1_Stream3_IRQHandler
                        0x080030ad         Code  Wk  startup_stm32f4xx.o [1]
DMA1_Stream4_IRQHandler
                        0x080030b1         Code  Wk  startup_stm32f4xx.o [1]
DMA1_Stream5_IRQHandler
                        0x080030b5         Code  Wk  startup_stm32f4xx.o [1]
DMA1_Stream6_IRQHandler
                        0x080030b9         Code  Wk  startup_stm32f4xx.o [1]
DMA1_Stream7_IRQHandler
                        0x08003131         Code  Wk  startup_stm32f4xx.o [1]
DMA2_Stream0_IRQHandler
                        0x08003155         Code  Wk  startup_stm32f4xx.o [1]
DMA2_Stream1_IRQHandler
                        0x08003159         Code  Wk  startup_stm32f4xx.o [1]
DMA2_Stream2_IRQHandler
                        0x0800315d         Code  Wk  startup_stm32f4xx.o [1]
DMA2_Stream3_IRQHandler
                        0x08003161         Code  Wk  startup_stm32f4xx.o [1]
DMA2_Stream4_IRQHandler
                        0x08003165         Code  Wk  startup_stm32f4xx.o [1]
DMA2_Stream5_IRQHandler
                        0x08003185         Code  Wk  startup_stm32f4xx.o [1]
DMA2_Stream6_IRQHandler
                        0x08003189         Code  Wk  startup_stm32f4xx.o [1]
DMA2_Stream7_IRQHandler
                        0x0800318d         Code  Wk  startup_stm32f4xx.o [1]
DebugMon_Handler        0x08002b1d    0x2  Code  Gb  stm32f4xx_it.o [1]
DemoEnterCondition      0x2000079c    0x1  Data  Gb  main.o [1]
Demo_USBConfig          0x08002d13   0x16  Code  Lc  main.o [1]
ETH_IRQHandler          0x08003169         Code  Wk  startup_stm32f4xx.o [1]
ETH_WKUP_IRQHandler     0x0800316d         Code  Wk  startup_stm32f4xx.o [1]
EXTI0_IRQHandler        0x08002b8b   0x10  Code  Gb  stm32f4xx_it.o [1]
EXTI15_10_IRQHandler    0x08003115         Code  Wk  startup_stm32f4xx.o [1]
EXTI1_IRQHandler        0x08003091         Code  Wk  startup_stm32f4xx.o [1]
EXTI2_IRQHandler        0x08003095         Code  Wk  startup_stm32f4xx.o [1]
EXTI3_IRQHandler        0x08003099         Code  Wk  startup_stm32f4xx.o [1]
EXTI4_IRQHandler        0x0800309d         Code  Wk  startup_stm32f4xx.o [1]
EXTI9_5_IRQHandler      0x080030d1         Code  Wk  startup_stm32f4xx.o [1]
EXTI_ClearITPendingBit  0x080011d5    0x6  Code  Gb  stm32f4xx_exti.o [1]
EXTI_Init               0x0800114d   0x88  Code  Gb  stm32f4xx_exti.o [1]
FLASH_IRQHandler        0x08003085         Code  Wk  startup_stm32f4xx.o [1]
FPU_IRQHandler          0x080031b9         Code  Wk  startup_stm32f4xx.o [1]
FSMC_IRQHandler         0x08003135         Code  Wk  startup_stm32f4xx.o [1]
GPIO_CLK                0x08002fdc   0x10  Data  Gb  stm32f4_discovery.o [1]
GPIO_Init               0x0800100d   0xaa  Code  Gb  stm32f4xx_gpio.o [1]
GPIO_PIN                0x08003044    0x8  Data  Gb  stm32f4_discovery.o [1]
GPIO_PORT               0x20000114   0x10  Data  Gb  stm32f4_discovery.o [1]
GPIO_PinAFConfig        0x080010d1   0x5a  Code  Gb  stm32f4xx_gpio.o [1]
GPIO_ReadInputDataBit   0x080010b7   0x1a  Code  Gb  stm32f4xx_gpio.o [1]
HASH_RNG_IRQHandler     0x080031b5         Code  Wk  startup_stm32f4xx.o [1]
HID_MOUSE_ReportDesc    0x20000000   0x4c  Data  Lc  usbd_hid_core.o [1]
HardFault_Handler       0x08002b13    0x2  Code  Gb  stm32f4xx_it.o [1]
I2C1_ER_IRQHandler      0x080030f5         Code  Wk  startup_stm32f4xx.o [1]
I2C1_EV_IRQHandler      0x080030f1         Code  Wk  startup_stm32f4xx.o [1]
I2C2_ER_IRQHandler      0x080030fd         Code  Wk  startup_stm32f4xx.o [1]
I2C2_EV_IRQHandler      0x080030f9         Code  Wk  startup_stm32f4xx.o [1]
I2C3_ER_IRQHandler      0x08003199         Code  Wk  startup_stm32f4xx.o [1]
I2C3_EV_IRQHandler      0x08003195         Code  Wk  startup_stm32f4xx.o [1]
MemManage_Handler       0x08002b15    0x2  Code  Gb  stm32f4xx_it.o [1]
NMI_Handler             0x08002b11    0x2  Code  Gb  stm32f4xx_it.o [1]
NVIC_Init               0x080011fb   0x6a  Code  Gb  misc.o [1]
NVIC_PriorityGroupConfig
                        0x080011f1    0xa  Code  Gb  misc.o [1]
NVIC_SetPriority        0x08002c59   0x22  Code  Lc  main.o [1]
NVIC_SetPriority        0x08002e55   0x22  Code  Lc  usbd_usr.o [1]
OTG_FS_IRQHandler       0x08002bc5    0xa  Code  Gb  stm32f4xx_it.o [1]
OTG_FS_WKUP_IRQHandler  0x08002b9b   0x2a  Code  Gb  stm32f4xx_it.o [1]
OTG_HS_EP1_IN_IRQHandler
                        0x080031a1         Code  Wk  startup_stm32f4xx.o [1]
OTG_HS_EP1_OUT_IRQHandler
                        0x0800319d         Code  Wk  startup_stm32f4xx.o [1]
OTG_HS_IRQHandler       0x080031a9         Code  Wk  startup_stm32f4xx.o [1]
OTG_HS_WKUP_IRQHandler  0x080031a5         Code  Wk  startup_stm32f4xx.o [1]
PVD_IRQHandler          0x08003079         Code  Wk  startup_stm32f4xx.o [1]
PendSV_Handler          0x08002b1f    0x2  Code  Gb  stm32f4xx_it.o [1]
RCC_AHB1PeriphClockCmd  0x08000f71   0x1e  Code  Gb  stm32f4xx_rcc.o [1]
RCC_AHB2PeriphClockCmd  0x08000f8f   0x1e  Code  Gb  stm32f4xx_rcc.o [1]
RCC_APB1PeriphResetCmd  0x08000fcb   0x1e  Code  Gb  stm32f4xx_rcc.o [1]
RCC_APB2PeriphClockCmd  0x08000fad   0x1e  Code  Gb  stm32f4xx_rcc.o [1]
RCC_GetClocksFreq       0x08000e71  0x100  Code  Gb  stm32f4xx_rcc.o [1]
RCC_IRQHandler          0x08003089         Code  Wk  startup_stm32f4xx.o [1]
RTC_Alarm_IRQHandler    0x08003119         Code  Wk  startup_stm32f4xx.o [1]
RTC_WKUP_IRQHandler     0x08003081         Code  Wk  startup_stm32f4xx.o [1]
Region$$Table$$Base     0x08002f20          --   Gb  - Linker created -
Region$$Table$$Limit    0x08002f44          --   Gb  - Linker created -
Reset_Handler           0x0800301d         Code  Wk  startup_stm32f4xx.o [1]
SDIO_IRQHandler         0x08003139         Code  Wk  startup_stm32f4xx.o [1]
SPI1_IRQHandler         0x08003101         Code  Wk  startup_stm32f4xx.o [1]
SPI2_IRQHandler         0x08003105         Code  Wk  startup_stm32f4xx.o [1]
SPI3_IRQHandler         0x08003141         Code  Wk  startup_stm32f4xx.o [1]
STM_EVAL_LEDInit        0x0800296d   0x44  Code  Gb  stm32f4_discovery.o [1]
STM_EVAL_LEDOff         0x080029c5   0x14  Code  Gb  stm32f4_discovery.o [1]
STM_EVAL_LEDOn          0x080029b1   0x14  Code  Gb  stm32f4_discovery.o [1]
STM_EVAL_PBGetState     0x08002a7b   0x1a  Code  Gb  stm32f4_discovery.o [1]
STM_EVAL_PBInit         0x080029d9   0xa2  Code  Gb  stm32f4_discovery.o [1]
SVC_Handler             0x08002b1b    0x2  Code  Gb  stm32f4xx_it.o [1]
SYSCFG_EXTILineConfig   0x08002abd   0x50  Code  Gb  stm32f4xx_syscfg.o [1]
SetSysClock             0x080026d7   0xf4  Code  Lc  system_stm32f4xx.o [1]
SysTick_Config          0x08002c7b   0x32  Code  Lc  main.o [1]
SysTick_Config          0x08002e77   0x32  Code  Lc  usbd_usr.o [1]
SysTick_Handler         0x08002b21   0x6a  Code  Gb  stm32f4xx_it.o [1]
SystemCoreClock         0x20000138    0x4  Data  Gb  system_stm32f4xx.o [1]
SystemInit              0x08002691   0x46  Code  Gb  system_stm32f4xx.o [1]
TAMP_STAMP_IRQHandler   0x0800307d         Code  Wk  startup_stm32f4xx.o [1]
TIM1_BRK_TIM9_IRQHandler
                        0x080030d5         Code  Wk  startup_stm32f4xx.o [1]
TIM1_CC_IRQHandler      0x080030e1         Code  Wk  startup_stm32f4xx.o [1]
TIM1_TRG_COM_TIM11_IRQHandler
                        0x080030dd         Code  Wk  startup_stm32f4xx.o [1]
TIM1_UP_TIM10_IRQHandler
                        0x080030d9         Code  Wk  startup_stm32f4xx.o [1]
TIM2_IRQHandler         0x080030e5         Code  Wk  startup_stm32f4xx.o [1]
TIM3_IRQHandler         0x080030e9         Code  Wk  startup_stm32f4xx.o [1]
TIM4_IRQHandler         0x080030ed         Code  Wk  startup_stm32f4xx.o [1]
TIM5_IRQHandler         0x0800313d         Code  Wk  startup_stm32f4xx.o [1]
TIM6_DAC_IRQHandler     0x0800314d         Code  Wk  startup_stm32f4xx.o [1]
TIM7_IRQHandler         0x08003151         Code  Wk  startup_stm32f4xx.o [1]
TIM8_BRK_TIM12_IRQHandler
                        0x08003121         Code  Wk  startup_stm32f4xx.o [1]
TIM8_CC_IRQHandler      0x0800312d         Code  Wk  startup_stm32f4xx.o [1]
TIM8_TRG_COM_TIM14_IRQHandler
                        0x08003129         Code  Wk  startup_stm32f4xx.o [1]
TIM8_UP_TIM13_IRQHandler
                        0x08003125         Code  Wk  startup_stm32f4xx.o [1]
TimingDelay             0x2000077c    0x4  Data  Gb  main.o [1]
TimingDelay_Decrement   0x08002d29   0x14  Code  Gb  main.o [1]
UART4_IRQHandler        0x08003145         Code  Wk  startup_stm32f4xx.o [1]
UART5_IRQHandler        0x08003149         Code  Wk  startup_stm32f4xx.o [1]
USART1_IRQHandler       0x08003109         Code  Wk  startup_stm32f4xx.o [1]
USART2_IRQHandler       0x0800310d         Code  Wk  startup_stm32f4xx.o [1]
USART3_IRQHandler       0x08003111         Code  Wk  startup_stm32f4xx.o [1]
USART6_IRQHandler       0x08003191         Code  Wk  startup_stm32f4xx.o [1]
USBD_ClrCfg             0x08002653   0x18  Code  Gb  usbd_core.o [1]
USBD_ClrFeature         0x08001efb   0x3a  Code  Lc  usbd_req.o [1]
USBD_CtlContinueRx      0x08002057   0x1e  Code  Gb  usbd_ioreq.o [1]
USBD_CtlContinueSendData
                        0x08002039   0x1e  Code  Gb  usbd_ioreq.o [1]
USBD_CtlError           0x08001f79   0x36  Code  Gb  usbd_req.o [1]
USBD_CtlReceiveStatus   0x08002099   0x24  Code  Gb  usbd_ioreq.o [1]
USBD_CtlSendData        0x08002009   0x30  Code  Gb  usbd_ioreq.o [1]
USBD_CtlSendStatus      0x08002075   0x24  Code  Gb  usbd_ioreq.o [1]
USBD_DCD_INT_cb         0x2000004c   0x2c  Data  Gb  usbd_core.o [1]
USBD_DCD_INT_fops       0x2000013c    0x4  Data  Gb  usbd_core.o [1]
USBD_DataInStage        0x080024fd   0xbe  Code  Lc  usbd_core.o [1]
USBD_DataOutStage       0x08002463   0x9a  Code  Lc  usbd_core.o [1]
USBD_DeInit             0x0800240b    0x6  Code  Gb  usbd_core.o [1]
USBD_DeviceDesc         0x20000100   0x14  Data  Gb  usbd_desc.o [1]
USBD_GetConfig          0x08001ddb   0x48  Code  Lc  usbd_req.o [1]
USBD_GetDescriptor      0x08001b7f  0x136  Code  Lc  usbd_req.o [1]
USBD_GetLen             0x08001ff5   0x14  Code  Lc  usbd_req.o [1]
USBD_GetStatus          0x08001e23   0x3c  Code  Lc  usbd_req.o [1]
USBD_GetString          0x08001faf   0x46  Code  Gb  usbd_req.o [1]
USBD_HID_AltSet         0x20000784    0x4  Data  Lc  usbd_hid_core.o [1]
USBD_HID_CfgDesc        0x200000a4   0x24  Data  Lc  usbd_hid_core.o [1]
USBD_HID_DataIn         0x08002959   0x12  Code  Lc  usbd_hid_core.o [1]
USBD_HID_DeInit         0x08002823   0x1a  Code  Lc  usbd_hid_core.o [1]
USBD_HID_GetCfgDesc     0x08002935    0xa  Code  Lc  usbd_hid_core.o [1]
USBD_HID_GetPos         0x08002bcf   0x6c  Code  Lc  stm32f4xx_it.o [1]
USBD_HID_IdleState      0x2000078c    0x4  Data  Lc  usbd_hid_core.o [1]
USBD_HID_Init           0x08002801   0x22  Code  Lc  usbd_hid_core.o [1]
USBD_HID_Protocol       0x20000788    0x4  Data  Lc  usbd_hid_core.o [1]
USBD_HID_SendReport     0x08002913   0x22  Code  Gb  usbd_hid_core.o [1]
USBD_HID_Setup          0x0800283d   0xd6  Code  Lc  usbd_hid_core.o [1]
USBD_HID_cb             0x20000078   0x2c  Data  Gb  usbd_hid_core.o [1]
USBD_Init               0x080023c7   0x44  Code  Gb  usbd_core.o [1]
USBD_IsoINIncomplete    0x0800266b   0x12  Code  Lc  usbd_core.o [1]
USBD_IsoOUTIncomplete   0x0800267d   0x12  Code  Lc  usbd_core.o [1]
USBD_LangIDDesc         0x20000140    0x4  Data  Gb  usbd_desc.o [1]
USBD_OTG_ISR_Handler    0x08001279   0xe8  Code  Gb  usb_dcd_int.o [1]
USBD_ParseSetupRequest  0x08001f35   0x44  Code  Gb  usbd_req.o [1]
USBD_Reset              0x080025bb   0x30  Code  Lc  usbd_core.o [1]
USBD_Resume             0x080025eb   0x16  Code  Lc  usbd_core.o [1]
USBD_SOF                0x08002617   0x1c  Code  Lc  usbd_core.o [1]
USBD_SetAddress         0x08001cb5   0x60  Code  Lc  usbd_req.o [1]
USBD_SetCfg             0x08002633   0x20  Code  Gb  usbd_core.o [1]
USBD_SetConfig          0x08001d15   0xc6  Code  Lc  usbd_req.o [1]
USBD_SetFeature         0x08001e71   0x8a  Code  Lc  usbd_req.o [1]
USBD_SetupStage         0x08002411   0x52  Code  Lc  usbd_core.o [1]
USBD_StdDevReq          0x08001949   0x7c  Code  Gb  usbd_req.o [1]
USBD_StdEPReq           0x08001a15  0x16a  Code  Gb  usbd_req.o [1]
USBD_StdItfReq          0x080019c5   0x50  Code  Gb  usbd_req.o [1]
USBD_StrDesc            0x20000734   0x40  Data  Gb  usbd_req.o [1]
USBD_Suspend            0x08002601   0x16  Code  Lc  usbd_core.o [1]
USBD_USR_ConfigStrDescriptor
                        0x08002de1   0x26  Code  Gb  usbd_desc.o [1]
USBD_USR_DeviceConfigured
                        0x08002eeb    0x2  Code  Gb  usbd_usr.o [1]
USBD_USR_DeviceConnected
                        0x08002eed    0x2  Code  Gb  usbd_usr.o [1]
USBD_USR_DeviceDescriptor
                        0x08002d6d    0xa  Code  Gb  usbd_desc.o [1]
USBD_USR_DeviceDisconnected
                        0x08002eef    0x2  Code  Gb  usbd_usr.o [1]
USBD_USR_DeviceReset    0x08002ed9   0x12  Code  Gb  usbd_usr.o [1]
USBD_USR_DeviceResumed  0x08002ef3    0x2  Code  Gb  usbd_usr.o [1]
USBD_USR_DeviceSuspended
                        0x08002ef1    0x2  Code  Gb  usbd_usr.o [1]
USBD_USR_Init           0x08002ea9   0x18  Code  Gb  usbd_usr.o [1]
USBD_USR_InterfaceStrDescriptor
                        0x08002e07   0x26  Code  Gb  usbd_desc.o [1]
USBD_USR_LangIDStrDescriptor
                        0x08002d77    0xa  Code  Gb  usbd_desc.o [1]
USBD_USR_ManufacturerStrDescriptor
                        0x08002da7   0x14  Code  Gb  usbd_desc.o [1]
USBD_USR_ProductStrDescriptor
                        0x08002d81   0x26  Code  Gb  usbd_desc.o [1]
USBD_USR_SerialStrDescriptor
                        0x08002dbb   0x26  Code  Gb  usbd_desc.o [1]
USBD_cfg_status         0x20000798    0x4  Data  Gb  usbd_req.o [1]
USBD_default_cfg        0x20000794    0x4  Data  Gb  usbd_req.o [1]
USBD_ep_status          0x20000790    0x4  Data  Gb  usbd_req.o [1]
USB_OTG_BSP_EnableInterrupt
                        0x08000e19   0x2e  Code  Gb  usb_bsp.o [1]
USB_OTG_BSP_Init        0x08000d6d   0xa8  Code  Gb  usb_bsp.o [1]
USB_OTG_BSP_mDelay      0x08000e5f   0x12  Code  Gb  usb_bsp.o [1]
USB_OTG_BSP_uDelay      0x08000e47   0x18  Code  Gb  usb_bsp.o [1]
USB_OTG_CoreInit        0x08000367  0x134  Code  Gb  usb_core.o [1]
USB_OTG_CoreInitDev     0x080005eb  0x1a4  Code  Gb  usb_core.o [1]
USB_OTG_CoreReset       0x080001ab   0x66  Code  Lc  usb_core.o [1]
USB_OTG_DisableGlobalInt
                        0x080004b9   0x1e  Code  Gb  usb_core.o [1]
USB_OTG_EP0Activate     0x0800081d   0x52  Code  Gb  usb_core.o [1]
USB_OTG_EP0StartXfer    0x08000acd  0x12c  Code  Gb  usb_core.o [1]
USB_OTG_EP0_OutStart    0x08000cc1   0x52  Code  Gb  usb_core.o [1]
USB_OTG_EPActivate      0x0800086f   0x7a  Code  Gb  usb_core.o [1]
USB_OTG_EPClearStall    0x08000c41   0x46  Code  Gb  usb_core.o [1]
USB_OTG_EPDeactivate    0x080008e9   0x58  Code  Gb  usb_core.o [1]
USB_OTG_EPSetStall      0x08000bf9   0x48  Code  Gb  usb_core.o [1]
USB_OTG_EPStartXfer     0x08000941  0x18c  Code  Gb  usb_core.o [1]
USB_OTG_EnableCommonInt
                        0x08000189   0x22  Code  Lc  usb_core.o [1]
USB_OTG_EnableDevInt    0x0800078f   0x5a  Code  Gb  usb_core.o [1]
USB_OTG_EnableGlobalInt
                        0x0800049b   0x1e  Code  Gb  usb_core.o [1]
USB_OTG_FlushRxFifo     0x0800051f   0x40  Code  Gb  usb_core.o [1]
USB_OTG_FlushTxFifo     0x080004d7   0x48  Code  Gb  usb_core.o [1]
USB_OTG_GetDeviceSpeed  0x080007e9   0x34  Code  Gb  usb_core.o [1]
USB_OTG_GetMode         0x080005a5    0xa  Code  Gb  usb_core.o [1]
USB_OTG_InitDevSpeed    0x080005d9   0x12  Code  Gb  usb_core.o [1]
USB_OTG_IsDeviceMode    0x080005af   0x18  Code  Gb  usb_core.o [1]
USB_OTG_ReadCoreItr     0x080005c7   0x12  Code  Gb  usb_core.o [1]
USB_OTG_ReadDevAllInEPItr
                        0x08000caf   0x12  Code  Gb  usb_core.o [1]
USB_OTG_ReadDevAllOutEp_itr
                        0x08000c87   0x12  Code  Gb  usb_core.o [1]
USB_OTG_ReadDevOutEP_itr
                        0x08000c99   0x16  Code  Gb  usb_core.o [1]
USB_OTG_ReadPacket      0x08000259   0x2c  Code  Gb  usb_core.o [1]
USB_OTG_SelectCore      0x08000285   0xe2  Code  Gb  usb_core.o [1]
USB_OTG_SetCurrentMode  0x08000569   0x3c  Code  Gb  usb_core.o [1]
USB_OTG_UngateClock     0x08000d13   0x2c  Code  Gb  usb_core.o [1]
USB_OTG_WritePacket     0x08000211   0x48  Code  Gb  usb_core.o [1]
USB_OTG_dev             0x20000144  0x5f0  Data  Gb  main.o [1]
USR_cb                  0x200000e4   0x1c  Data  Gb  usbd_usr.o [1]
USR_desc                0x200000c8   0x1c  Data  Gb  usbd_desc.o [1]
UsageFault_Handler      0x08002b19    0x2  Code  Gb  stm32f4xx_it.o [1]
UserButtonPressed       0x2000079d    0x1  Data  Gb  main.o [1]
WWDG_IRQHandler         0x08003075         Code  Wk  startup_stm32f4xx.o [1]
__cmain                 0x08002f61         Code  Gb  cmain.o [5]
__exit                  0x08002f8d   0x14  Code  Gb  exit.o [6]
__iar_SB                0x080031bc         Data  Gb  bwt_init3c.o [5]
__iar_copy_init3        0x08000d3f   0x2e  Code  Gb  copy_init3.o [5]
__iar_data_init3        0x08002ef5   0x2c  Code  Gb  data_init3.o [5]
__iar_init_vfp          0x08002f45         Code  Gb  fpinit_M.o [4]
__iar_program_start     0x08003039         Code  Gb  cstartup_M.o [5]
__iar_zero_init3        0x0800112b   0x22  Code  Gb  zero_init3.o [5]
__low_level_init        0x08002f77    0x4  Code  Gb  low_level_init.o [3]
__vector_table          0x08000000         Data  Gb  startup_stm32f4xx.o [1]
_call_main              0x08002f6d         Code  Gb  cmain.o [5]
_exit                   0x08002f81         Code  Gb  cexit.o [5]
_main                   0x08002f73         Code  Gb  cmain.o [5]
exit                    0x08002f7b    0x4  Code  Gb  exit.o [3]
main                    0x08002cad   0x66  Code  Gb  main.o [1]


[1] = D:\MYPROGS\STM32F4\my_proj\my_mouse_hid\EWARM\Demo\Obj
[2] = command line
[3] = dl7M_tlf.a
[4] = m7M_tlv.a
[5] = rt7M_tl.a
[6] = shb_l.a

  12 541 bytes of readonly  code memory
     515 bytes of readonly  data memory
   2 976 bytes of readwrite data memory

Errors: none
Warnings: none
