###############################################################################
#                                                                             #
# IAR ELF Linker V6.30.4.53288/W32 for ARM              27/Apr/2012  20:36:27 #
# Copyright 2007-2011 IAR Systems AB.                                         #
#                                                                             #
#    Output file  =  D:\MYPROGS\STM32F4\my_proj\my_usb_cdc_print\EWARM\Demo\E #
#                    xe\STM32F4-Discovery_Demo.out                            #
#    Map file     =  D:\MYPROGS\STM32F4\my_proj\my_usb_cdc_print\EWARM\Demo\L #
#                    ist\STM32F4-Discovery_Demo.map                           #
#    Command line =  D:\MYPROGS\STM32F4\my_proj\my_usb_cdc_print\EWARM\Demo\O #
#                    bj\main.o D:\MYPROGS\STM32F4\my_proj\my_usb_cdc_print\EW #
#                    ARM\Demo\Obj\misc.o D:\MYPROGS\STM32F4\my_proj\my_usb_cd #
#                    c_print\EWARM\Demo\Obj\startup_stm32f4xx.o               #
#                    D:\MYPROGS\STM32F4\my_proj\my_usb_cdc_print\EWARM\Demo\O #
#                    bj\stm32f4_discovery.o D:\MYPROGS\STM32F4\my_proj\my_usb #
#                    _cdc_print\EWARM\Demo\Obj\stm32f4xx_adc.o                #
#                    D:\MYPROGS\STM32F4\my_proj\my_usb_cdc_print\EWARM\Demo\O #
#                    bj\stm32f4xx_dac.o D:\MYPROGS\STM32F4\my_proj\my_usb_cdc #
#                    _print\EWARM\Demo\Obj\stm32f4xx_dma.o                    #
#                    D:\MYPROGS\STM32F4\my_proj\my_usb_cdc_print\EWARM\Demo\O #
#                    bj\stm32f4xx_exti.o D:\MYPROGS\STM32F4\my_proj\my_usb_cd #
#                    c_print\EWARM\Demo\Obj\stm32f4xx_flash.o                 #
#                    D:\MYPROGS\STM32F4\my_proj\my_usb_cdc_print\EWARM\Demo\O #
#                    bj\stm32f4xx_gpio.o D:\MYPROGS\STM32F4\my_proj\my_usb_cd #
#                    c_print\EWARM\Demo\Obj\stm32f4xx_i2c.o                   #
#                    D:\MYPROGS\STM32F4\my_proj\my_usb_cdc_print\EWARM\Demo\O #
#                    bj\stm32f4xx_it.o D:\MYPROGS\STM32F4\my_proj\my_usb_cdc_ #
#                    print\EWARM\Demo\Obj\stm32f4xx_rcc.o                     #
#                    D:\MYPROGS\STM32F4\my_proj\my_usb_cdc_print\EWARM\Demo\O #
#                    bj\stm32f4xx_spi.o D:\MYPROGS\STM32F4\my_proj\my_usb_cdc #
#                    _print\EWARM\Demo\Obj\stm32f4xx_syscfg.o                 #
#                    D:\MYPROGS\STM32F4\my_proj\my_usb_cdc_print\EWARM\Demo\O #
#                    bj\stm32f4xx_tim.o D:\MYPROGS\STM32F4\my_proj\my_usb_cdc #
#                    _print\EWARM\Demo\Obj\stm32f4xx_usart.o                  #
#                    D:\MYPROGS\STM32F4\my_proj\my_usb_cdc_print\EWARM\Demo\O #
#                    bj\system_stm32f4xx.o D:\MYPROGS\STM32F4\my_proj\my_usb_ #
#                    cdc_print\EWARM\Demo\Obj\usb_bsp.o                       #
#                    D:\MYPROGS\STM32F4\my_proj\my_usb_cdc_print\EWARM\Demo\O #
#                    bj\usb_core.o D:\MYPROGS\STM32F4\my_proj\my_usb_cdc_prin #
#                    t\EWARM\Demo\Obj\usb_dcd.o D:\MYPROGS\STM32F4\my_proj\my #
#                    _usb_cdc_print\EWARM\Demo\Obj\usb_dcd_int.o              #
#                    D:\MYPROGS\STM32F4\my_proj\my_usb_cdc_print\EWARM\Demo\O #
#                    bj\usbd_cdc_core.o D:\MYPROGS\STM32F4\my_proj\my_usb_cdc #
#                    _print\EWARM\Demo\Obj\usbd_cdc_vcp.o                     #
#                    D:\MYPROGS\STM32F4\my_proj\my_usb_cdc_print\EWARM\Demo\O #
#                    bj\usbd_core.o D:\MYPROGS\STM32F4\my_proj\my_usb_cdc_pri #
#                    nt\EWARM\Demo\Obj\usbd_desc.o                            #
#                    D:\MYPROGS\STM32F4\my_proj\my_usb_cdc_print\EWARM\Demo\O #
#                    bj\usbd_ioreq.o D:\MYPROGS\STM32F4\my_proj\my_usb_cdc_pr #
#                    int\EWARM\Demo\Obj\usbd_req.o                            #
#                    D:\MYPROGS\STM32F4\my_proj\my_usb_cdc_print\EWARM\Demo\O #
#                    bj\usbd_usr.o --redirect _Printf=_PrintfSmall            #
#                    --redirect _Scanf=_ScanfFull -o                          #
#                    D:\MYPROGS\STM32F4\my_proj\my_usb_cdc_print\EWARM\Demo\E #
#                    xe\STM32F4-Discovery_Demo.out --map                      #
#                    D:\MYPROGS\STM32F4\my_proj\my_usb_cdc_print\EWARM\Demo\L #
#                    ist\STM32F4-Discovery_Demo.map --config                  #
#                    D:\MYPROGS\STM32F4\my_proj\my_usb_cdc_print\EWARM\stm32f #
#                    40x_flash.icf --semihosting --entry __iar_program_start  #
#                    --vfe                                                    #
#                                                                             #
#                                                                             #
###############################################################################

*******************************************************************************
*** RUNTIME MODEL ATTRIBUTES
***

CppFlavor                     = *
__Heap_Handler                = Basic
__SystemLibrary               = DLib
__dlib_dynamic_initialization = normal


*******************************************************************************
*** PLACEMENT SUMMARY
***

"A1":  place at 0x08000000 { ro section .intvec };
"P1":  place in [from 0x08000000 to 0x080fffff] { ro };
"P2":  place in [from 0x20000000 to 0x20020000] { rw, block CSTACK, block HEAP };

  Section            Kind        Address    Size  Object
  -------            ----        -------    ----  ------
"A1":                                      0x188
  .intvec            ro code  0x08000000   0x188  startup_stm32f4xx.o [1]
                            - 0x08000188   0x188

"P1":                                     0x3e8c
  .text              ro code  0x08000188   0xbb6  usb_core.o [1]
  .text              ro code  0x08000d3e    0x2e  copy_init3.o [5]
  .text              ro code  0x08000d6c   0x104  usb_bsp.o [1]
  .text              ro code  0x08000e70   0x19c  stm32f4xx_rcc.o [1]
  .text              ro code  0x0800100c   0x104  stm32f4xx_gpio.o [1]
  .text              ro code  0x08001110    0xa4  stm32f4xx_exti.o [1]
  .text              ro code  0x080011b4    0x88  misc.o [1]
  .text              ro code  0x0800123c   0x73c  xprintfsmall.o [3]
  .text              ro code  0x08001978    0x20  xmbtowc.o [3]
  .text              ro code  0x08001998    0x16  strchr.o [5]
  .text              ro code  0x080019ae    0x22  zero_init3.o [5]
  .text              ro code  0x080019d0    0x36  strlen.o [5]
  .text              ro code  0x08001a06    0x1e  usbd_usr.o [1]
  .text              ro code  0x08001a24    0x58  memchr.o [5]
  .text              ro code  0x08001a7c     0xa  xmbcurmax.o [3]
  .rodata            const    0x08001a86     0x2  stm32f4_discovery.o [1]
  .text              ro code  0x08001a88    0xbc  xxmemxmalloc.o [3]
  .text              ro code  0x08001b44    0x1a  xwctomb.o [3]
  .rodata            const    0x08001b5e     0x2  stm32f4_discovery.o [1]
  .text              ro code  0x08001b60    0x76  ABImemcpy.o [5]
  .rodata            const    0x08001bd6     0x1  stm32f4_discovery.o [1]
  .rodata            const    0x08001bd7     0x1  stm32f4_discovery.o [1]
  .text              ro code  0x08001bd8    0x88  xxmemxfree.o [3]
  .text              ro code  0x08001c60    0x14  setlocale.o [3]
  .text              ro code  0x08001c74    0x5c  xencoding_sb.o [3]
  .text              ro code  0x08001cd0   0x114  xsyslock.o [3]
  .text              ro code  0x08001de4    0x28  xgetmemchunk.o [3]
  .text              ro code  0x08001e0c     0x2  xtls.o [3]
  .text              ro code  0x08001e0e     0x4  xmtx2.o [3]
  .text              ro code  0x08001e12     0x8  xmtx.o [3]
  .rodata            const    0x08001e1a     0x1  stm32f4_discovery.o [1]
  .text              ro code  0x08001e1c   0x6ce  usb_dcd_int.o [1]
  .text              ro code  0x080024ec   0x6c0  usbd_req.o [1]
  .text              ro code  0x08002bac    0xe4  usbd_ioreq.o [1]
  .text              ro code  0x08002c90   0x2e6  usb_dcd.o [1]
  .text              ro code  0x08002f76   0x2c8  usbd_core.o [1]
  .text              ro code  0x08003240   0x394  usbd_cdc_core.o [1]
  .text              ro code  0x080035d4   0x170  system_stm32f4xx.o [1]
  .text              ro code  0x08003744   0x144  main.o [1]
  .text              ro code  0x08003888   0x110  stm32f4_discovery.o [1]
  .text              ro code  0x08003998    0x24  printf.o [3]
  .text              ro code  0x080039bc    0x54  stm32f4xx_syscfg.o [1]
  .text              ro code  0x08003a10    0xe8  usbd_desc.o [1]
  .text              ro code  0x08003af8    0x7c  usbd_cdc_vcp.o [1]
  .text              ro code  0x08003b74    0x60  stm32f4xx_it.o [1]
  .text              ro code  0x08003bd4    0x2c  data_init3.o [5]
  .rodata            const    0x08003c00    0x24  usbd_desc.o [1]
  .rodata            const    0x08003c24    0x24  usbd_desc.o [1]
  .iar.init_table    const    0x08003c48    0x24  - Linker created -
  .text              ro code  0x08003c6c    0x1a  fpinit_M.o [4]
  .text              ro code  0x08003c88    0x16  cmain.o [5]
  .text              ro code  0x08003c9e     0x4  low_level_init.o [3]
  .text              ro code  0x08003ca2     0x4  exit.o [3]
  .text              ro code  0x08003ca8     0xe  cexit.o [5]
  .text              ro code  0x08003cb8    0x14  exit.o [6]
  .text              ro code  0x08003ccc    0x16  xprout.o [3]
  .rodata            const    0x08003ce4    0x14  usbd_desc.o [1]
  .rodata            const    0x08003cf8    0x10  main.o [1]
  .rodata            const    0x08003d08    0x10  stm32f4_discovery.o [1]
  .rodata            const    0x08003d18    0x10  usbd_desc.o [1]
  .rodata            const    0x08003d28    0x10  usbd_desc.o [1]
  .rodata            const    0x08003d38    0x10  usbd_desc.o [1]
  .text              ro code  0x08003d48    0x10  startup_stm32f4xx.o [1]
  .rodata            const    0x08003d58     0xc  usbd_desc.o [1]
  .text              ro code  0x08003d64     0xc  cstartup_M.o [5]
  .rodata            const    0x08003d70     0x8  stm32f4_discovery.o [1]
  .rodata            const    0x08003d78     0x4  stm32f4_discovery.o [1]
  .text              ro code  0x08003d7c     0x4  startup_stm32f4xx.o [1]
  .text              ro code  0x08003d80     0x4  startup_stm32f4xx.o [1]
  .text              ro code  0x08003d84     0x4  startup_stm32f4xx.o [1]
  .text              ro code  0x08003d88     0x4  startup_stm32f4xx.o [1]
  .text              ro code  0x08003d8c     0x4  startup_stm32f4xx.o [1]
  .text              ro code  0x08003d90     0x4  startup_stm32f4xx.o [1]
  .text              ro code  0x08003d94     0x4  startup_stm32f4xx.o [1]
  .text              ro code  0x08003d98     0x4  startup_stm32f4xx.o [1]
  .text              ro code  0x08003d9c     0x4  startup_stm32f4xx.o [1]
  .text              ro code  0x08003da0     0x4  startup_stm32f4xx.o [1]
  .text              ro code  0x08003da4     0x4  startup_stm32f4xx.o [1]
  .text              ro code  0x08003da8     0x4  startup_stm32f4xx.o [1]
  .text              ro code  0x08003dac     0x4  startup_stm32f4xx.o [1]
  .text              ro code  0x08003db0     0x4  startup_stm32f4xx.o [1]
  .text              ro code  0x08003db4     0x4  startup_stm32f4xx.o [1]
  .text              ro code  0x08003db8     0x4  startup_stm32f4xx.o [1]
  .text              ro code  0x08003dbc     0x4  startup_stm32f4xx.o [1]
  .text              ro code  0x08003dc0     0x4  startup_stm32f4xx.o [1]
  .text              ro code  0x08003dc4     0x4  startup_stm32f4xx.o [1]
  .text              ro code  0x08003dc8     0x4  startup_stm32f4xx.o [1]
  .text              ro code  0x08003dcc     0x4  startup_stm32f4xx.o [1]
  .text              ro code  0x08003dd0     0x4  startup_stm32f4xx.o [1]
  .text              ro code  0x08003dd4     0x4  startup_stm32f4xx.o [1]
  .text              ro code  0x08003dd8     0x4  startup_stm32f4xx.o [1]
  .text              ro code  0x08003ddc     0x4  startup_stm32f4xx.o [1]
  .text              ro code  0x08003de0     0x4  startup_stm32f4xx.o [1]
  .text              ro code  0x08003de4     0x4  startup_stm32f4xx.o [1]
  .text              ro code  0x08003de8     0x4  startup_stm32f4xx.o [1]
  .text              ro code  0x08003dec     0x4  startup_stm32f4xx.o [1]
  .text              ro code  0x08003df0     0x4  startup_stm32f4xx.o [1]
  .text              ro code  0x08003df4     0x4  startup_stm32f4xx.o [1]
  .text              ro code  0x08003df8     0x4  startup_stm32f4xx.o [1]
  .text              ro code  0x08003dfc     0x4  startup_stm32f4xx.o [1]
  .text              ro code  0x08003e00     0x4  startup_stm32f4xx.o [1]
  .text              ro code  0x08003e04     0x4  startup_stm32f4xx.o [1]
  .text              ro code  0x08003e08     0x4  startup_stm32f4xx.o [1]
  .text              ro code  0x08003e0c     0x4  startup_stm32f4xx.o [1]
  .text              ro code  0x08003e10     0x4  startup_stm32f4xx.o [1]
  .text              ro code  0x08003e14     0x4  startup_stm32f4xx.o [1]
  .text              ro code  0x08003e18     0x4  startup_stm32f4xx.o [1]
  .text              ro code  0x08003e1c     0x4  startup_stm32f4xx.o [1]
  .text              ro code  0x08003e20     0x4  startup_stm32f4xx.o [1]
  .text              ro code  0x08003e24     0x4  startup_stm32f4xx.o [1]
  .text              ro code  0x08003e28     0x4  startup_stm32f4xx.o [1]
  .text              ro code  0x08003e2c     0x4  startup_stm32f4xx.o [1]
  .text              ro code  0x08003e30     0x4  startup_stm32f4xx.o [1]
  .text              ro code  0x08003e34     0x4  startup_stm32f4xx.o [1]
  .text              ro code  0x08003e38     0x4  startup_stm32f4xx.o [1]
  .text              ro code  0x08003e3c     0x4  startup_stm32f4xx.o [1]
  .text              ro code  0x08003e40     0x4  startup_stm32f4xx.o [1]
  .text              ro code  0x08003e44     0x4  startup_stm32f4xx.o [1]
  .text              ro code  0x08003e48     0x4  startup_stm32f4xx.o [1]
  .text              ro code  0x08003e4c     0x4  startup_stm32f4xx.o [1]
  .text              ro code  0x08003e50     0x4  startup_stm32f4xx.o [1]
  .text              ro code  0x08003e54     0x4  startup_stm32f4xx.o [1]
  .text              ro code  0x08003e58     0x4  startup_stm32f4xx.o [1]
  .text              ro code  0x08003e5c     0x4  startup_stm32f4xx.o [1]
  .text              ro code  0x08003e60     0x4  startup_stm32f4xx.o [1]
  .text              ro code  0x08003e64     0x4  startup_stm32f4xx.o [1]
  .text              ro code  0x08003e68     0x4  startup_stm32f4xx.o [1]
  .text              ro code  0x08003e6c     0x4  startup_stm32f4xx.o [1]
  .text              ro code  0x08003e70     0x4  startup_stm32f4xx.o [1]
  .text              ro code  0x08003e74     0x4  startup_stm32f4xx.o [1]
  .text              ro code  0x08003e78     0x4  startup_stm32f4xx.o [1]
  .text              ro code  0x08003e7c     0x4  startup_stm32f4xx.o [1]
  .text              ro code  0x08003e80     0x4  startup_stm32f4xx.o [1]
  .text              ro code  0x08003e84     0x4  startup_stm32f4xx.o [1]
  .text              ro code  0x08003e88     0x4  startup_stm32f4xx.o [1]
  .text              ro code  0x08003e8c     0x4  startup_stm32f4xx.o [1]
  .text              ro code  0x08003e90     0x4  startup_stm32f4xx.o [1]
  .text              ro code  0x08003e94     0x4  startup_stm32f4xx.o [1]
  .text              ro code  0x08003e98     0x4  startup_stm32f4xx.o [1]
  .text              ro code  0x08003e9c     0x4  startup_stm32f4xx.o [1]
  .text              ro code  0x08003ea0     0x4  startup_stm32f4xx.o [1]
  .text              ro code  0x08003ea4     0x4  startup_stm32f4xx.o [1]
  .text              ro code  0x08003ea8     0x4  startup_stm32f4xx.o [1]
  .text              ro code  0x08003eac     0x4  startup_stm32f4xx.o [1]
  .text              ro code  0x08003eb0     0x4  startup_stm32f4xx.o [1]
  .text              ro code  0x08003eb4     0x4  startup_stm32f4xx.o [1]
  .text              ro code  0x08003eb8     0x4  startup_stm32f4xx.o [1]
  .text              ro code  0x08003ebc     0x4  startup_stm32f4xx.o [1]
  .text              ro code  0x08003ec0     0x4  startup_stm32f4xx.o [1]
  .text              ro code  0x08003ec4     0x4  startup_stm32f4xx.o [1]
  .text              ro code  0x08003ec8     0x4  startup_stm32f4xx.o [1]
  .text              ro code  0x08003ecc     0x4  startup_stm32f4xx.o [1]
  .text              ro code  0x08003ed0     0x4  startup_stm32f4xx.o [1]
  .text              ro code  0x08003ed4     0x4  startup_stm32f4xx.o [1]
  .text              ro code  0x08003ed8     0x4  startup_stm32f4xx.o [1]
  .text              ro code  0x08003edc     0x4  startup_stm32f4xx.o [1]
  .text              ro code  0x08003ee0     0x4  startup_stm32f4xx.o [1]
  .text              ro code  0x08003ee4     0x4  startup_stm32f4xx.o [1]
  .text              ro code  0x08003ee8     0x0  cstart_clearlocks.o [5]
  .rodata            const    0x08003ee8     0x0  bwt_init3c.o [5]
  Initializer bytes  ro data  0x08003ee8   0x12c  <for P2 s0>
                            - 0x08004014  0x3e8c

"P2", part 1 of 3:                         0x12c
  P2 s0                       0x20000000   0x12c  <Init block>
    .data            inited   0x20000000    0x44  usbd_cdc_core.o [1]
    .data            inited   0x20000044    0x2c  usbd_cdc_core.o [1]
    .data            inited   0x20000070    0x2c  usbd_core.o [1]
    .data            inited   0x2000009c    0x1c  usbd_desc.o [1]
    .data            inited   0x200000b8    0x1c  usbd_usr.o [1]
    .data            inited   0x200000d4    0x14  usbd_cdc_vcp.o [1]
    .data            inited   0x200000e8    0x14  usbd_desc.o [1]
    .data            inited   0x200000fc    0x10  stm32f4_discovery.o [1]
    .data            inited   0x2000010c    0x10  stm32f4xx_rcc.o [1]
    .data            inited   0x2000011c     0x4  stm32f4_discovery.o [1]
    .data            inited   0x20000120     0x4  usbd_cdc_core.o [1]
    .data            inited   0x20000124     0x4  usbd_core.o [1]
    .data            inited   0x20000128     0x4  usbd_desc.o [1]
                            - 0x2000012c   0x12c

"P2", part 2 of 3:                         0xf54
  .bss               zero     0x2000012c   0x800  usbd_cdc_core.o [1]
  .bss               zero     0x2000092c   0x5f0  main.o [1]
  __DLIB_PERTHREAD   zero     0x20000f1c    0x74  setlocale.o [3]
  .bss               zero     0x20000f90    0x40  usbd_cdc_core.o [1]
  .bss               zero     0x20000fd0    0x38  xsyslock.o [3]
  .bss               zero     0x20001008    0x34  usbd_req.o [1]
  .bss               zero     0x2000103c     0x8  usbd_cdc_core.o [1]
  .bss               zero     0x20001044     0x8  xxmemxmalloc.o [3]
  .bss               zero     0x2000104c     0x4  main.o [1]
  .bss               zero     0x20001050     0x4  usbd_cdc_core.o [1]
  .bss               zero     0x20001054     0x4  usbd_cdc_core.o [1]
  .bss               zero     0x20001058     0x4  usbd_cdc_core.o [1]
  .bss               zero     0x2000105c     0x4  usbd_cdc_core.o [1]
  .bss               zero     0x20001060     0x4  usbd_cdc_core.o [1]
  .bss               zero     0x20001064     0x4  usbd_cdc_core.o [1]
  .bss               zero     0x20001068     0x4  usbd_req.o [1]
  .bss               zero     0x2000106c     0x4  usbd_req.o [1]
  .bss               zero     0x20001070     0x4  usbd_req.o [1]
  .bss               zero     0x20001074     0x4  xgetmemchunk.o [3]
  .bss               zero     0x20001078     0x1  main.o [1]
  .bss               zero     0x20001079     0x1  main.o [1]
  .bss               zero     0x2000107a     0x1  usbd_cdc_core.o [1]
  .bss               zero     0x2000107b     0x1  usbd_req.o [1]
                            - 0x2000107c   0xf50

"P2", part 3 of 3:                         0x600
  CSTACK                      0x20001080   0x400  <Block>
    CSTACK           uninit   0x20001080   0x400  <Block tail>
  HEAP                        0x20001480   0x200  <Block>
    HEAP             uninit   0x20001480   0x200  <Block tail>
                            - 0x20001680   0x600


*******************************************************************************
*** INIT TABLE
***

          Address     Size
          -------     ----
Zero (__iar_zero_init3)
    1 destination range, total size 0xf50:
          0x2000012c  0xf50

Copy (__iar_copy_init3)
    1 source range, total size 0x12c:
          0x08003ee8  0x12c
    1 destination range, total size 0x12c:
          0x20000000  0x12c



*******************************************************************************
*** MODULE SUMMARY
***

    Module               ro code  ro data  rw data
    ------               -------  -------  -------
D:\MYPROGS\STM32F4\my_proj\my_usb_cdc_print\EWARM\Demo\Obj: [1]
    main.o                   324       16    1 526
    misc.o                   136
    startup_stm32f4xx.o      772
    stm32f4_discovery.o      272       55       20
    stm32f4xx_exti.o         164
    stm32f4xx_gpio.o         260
    stm32f4xx_it.o            96
    stm32f4xx_rcc.o          412       16       16
    stm32f4xx_syscfg.o        84
    system_stm32f4xx.o       368
    usb_bsp.o                260
    usb_core.o             2 998
    usb_dcd.o                742
    usb_dcd_int.o          1 742
    usbd_cdc_core.o          916      116    2 261
    usbd_cdc_vcp.o           124       20       20
    usbd_core.o              712       48       48
    usbd_desc.o              232      204       52
    usbd_ioreq.o             228
    usbd_req.o             1 728                65
    usbd_usr.o                30       28       28
    ----------------------------------------------
    Total:                12 600      503    4 036

command line: [2]
    ----------------------------------------------
    Total:

dl7M_tlf.a: [3]
    exit.o                     4
    low_level_init.o           4
    printf.o                  36
    setlocale.o               20               116
    xencoding_sb.o            92
    xgetmemchunk.o            40                 4
    xmbcurmax.o               10
    xmbtowc.o                 32
    xmtx.o                     8
    xmtx2.o                    4
    xprintfsmall.o         1 852
    xprout.o                  22
    xsyslock.o               276                56
    xtls.o                     2
    xwctomb.o                 26
    xxmemxfree.o             136
    xxmemxmalloc.o           188                 8
    ----------------------------------------------
    Total:                 2 752               184

m7M_tlv.a: [4]
    fpinit_M.o                26
    ----------------------------------------------
    Total:                    26

rt7M_tl.a: [5]
    ABImemcpy.o              118
    bwt_init3c.o
    cexit.o                   14
    cmain.o                   22
    copy_init3.o              46
    cstart_clearlocks.o
    cstartup_M.o              12
    data_init3.o              44
    memchr.o                  88
    strchr.o                  22
    strlen.o                  54
    zero_init3.o              34
    ----------------------------------------------
    Total:                   454

shb_l.a: [6]
    exit.o                    20
    ----------------------------------------------
    Total:                    20

    Gaps                      11        2
    Linker created                     36    1 536
--------------------------------------------------
    Grand Total:          15 863      541    5 756


*******************************************************************************
*** ENTRY LIST
***

Entry                      Address   Size  Type      Object
-----                      -------   ----  ----      ------
?main                   0x08003c89         Code  Gb  cmain.o [5]
ADC_IRQHandler          0x08003de9         Code  Wk  startup_stm32f4xx.o [1]
APBAHBPrescTable        0x2000010c   0x10  Data  Lc  stm32f4xx_rcc.o [1]
APP_Rx_Buffer           0x2000012c  0x800  Data  Gb  usbd_cdc_core.o [1]
APP_Rx_length           0x2000105c    0x4  Data  Gb  usbd_cdc_core.o [1]
APP_Rx_ptr_in           0x20001054    0x4  Data  Gb  usbd_cdc_core.o [1]
APP_Rx_ptr_out          0x20001058    0x4  Data  Gb  usbd_cdc_core.o [1]
BUTTON_CLK              0x08003d78    0x4  Data  Gb  stm32f4_discovery.o [1]
BUTTON_EXTI_LINE        0x08001b5e    0x2  Data  Gb  stm32f4_discovery.o [1]
BUTTON_IRQn             0x08001e1a    0x1  Data  Gb  stm32f4_discovery.o [1]
BUTTON_PIN              0x08001a86    0x2  Data  Gb  stm32f4_discovery.o [1]
BUTTON_PIN_SOURCE       0x08001bd7    0x1  Data  Gb  stm32f4_discovery.o [1]
BUTTON_PORT             0x2000011c    0x4  Data  Gb  stm32f4_discovery.o [1]
BUTTON_PORT_SOURCE      0x08001bd6    0x1  Data  Gb  stm32f4_discovery.o [1]
BusFault_Handler        0x08003b7b    0x2  Code  Gb  stm32f4xx_it.o [1]
CAN1_RX0_IRQHandler     0x08003df1         Code  Wk  startup_stm32f4xx.o [1]
CAN1_RX1_IRQHandler     0x08003df5         Code  Wk  startup_stm32f4xx.o [1]
CAN1_SCE_IRQHandler     0x08003df9         Code  Wk  startup_stm32f4xx.o [1]
CAN1_TX_IRQHandler      0x08003ded         Code  Wk  startup_stm32f4xx.o [1]
CAN2_RX0_IRQHandler     0x08003ea1         Code  Wk  startup_stm32f4xx.o [1]
CAN2_RX1_IRQHandler     0x08003ea5         Code  Wk  startup_stm32f4xx.o [1]
CAN2_SCE_IRQHandler     0x08003ea9         Code  Wk  startup_stm32f4xx.o [1]
CAN2_TX_IRQHandler      0x08003e9d         Code  Wk  startup_stm32f4xx.o [1]
CRYP_IRQHandler         0x08003edd         Code  Wk  startup_stm32f4xx.o [1]
CSTACK$$Base            0x20001080          --   Gb  - Linker created -
CSTACK$$Limit           0x20001480          --   Gb  - Linker created -
CmdBuff                 0x2000103c    0x8  Data  Gb  usbd_cdc_core.o [1]
DCD_EP_Close            0x08002daf   0x4a  Code  Gb  usb_dcd.o [1]
DCD_EP_ClrStall         0x08002f0d   0x50  Code  Gb  usb_dcd.o [1]
DCD_EP_Open             0x08002d33   0x7c  Code  Gb  usb_dcd.o [1]
DCD_EP_PrepareRx        0x08002df9   0x66  Code  Gb  usb_dcd.o [1]
DCD_EP_SetAddress       0x08002f5d   0x1a  Code  Gb  usb_dcd.o [1]
DCD_EP_Stall            0x08002ebd   0x50  Code  Gb  usb_dcd.o [1]
DCD_EP_Tx               0x08002e5f   0x5e  Code  Gb  usb_dcd.o [1]
DCD_HandleEnumDone_ISR  0x08002429   0x4e  Code  Lc  usb_dcd_int.o [1]
DCD_HandleInEP_ISR      0x08001fbf  0x13e  Code  Lc  usb_dcd_int.o [1]
DCD_HandleOutEP_ISR     0x080020fd   0xf8  Code  Lc  usb_dcd_int.o [1]
DCD_HandleResume_ISR    0x08001f05   0x4c  Code  Lc  usb_dcd_int.o [1]
DCD_HandleRxStatusQueueLevel_ISR
                        0x08002213   0xa4  Code  Lc  usb_dcd_int.o [1]
DCD_HandleSof_ISR       0x080021f5   0x1e  Code  Lc  usb_dcd_int.o [1]
DCD_HandleUSBSuspend_ISR
                        0x08001f51   0x6e  Code  Lc  usb_dcd_int.o [1]
DCD_HandleUsbReset_ISR  0x08002357   0xd2  Code  Lc  usb_dcd_int.o [1]
DCD_Init                0x08002c91   0xa2  Code  Gb  usb_dcd.o [1]
DCD_IsoINIncomplete_ISR
                        0x08002477   0x1e  Code  Lc  usb_dcd_int.o [1]
DCD_IsoOUTIncomplete_ISR
                        0x08002495   0x1e  Code  Lc  usb_dcd_int.o [1]
DCD_ReadDevInEP         0x080024bd   0x2e  Code  Lc  usb_dcd_int.o [1]
DCD_WriteEmptyTxFifo    0x080022b7   0xa0  Code  Lc  usb_dcd_int.o [1]
DCMI_IRQHandler         0x08003ed9         Code  Wk  startup_stm32f4xx.o [1]
DMA1_Stream0_IRQHandler
                        0x08003dcd         Code  Wk  startup_stm32f4xx.o [1]
DMA1_Stream1_IRQHandler
                        0x08003dd1         Code  Wk  startup_stm32f4xx.o [1]
DMA1_Stream2_IRQHandler
                        0x08003dd5         Code  Wk  startup_stm32f4xx.o [1]
DMA1_Stream3_IRQHandler
                        0x08003dd9         Code  Wk  startup_stm32f4xx.o [1]
DMA1_Stream4_IRQHandler
                        0x08003ddd         Code  Wk  startup_stm32f4xx.o [1]
DMA1_Stream5_IRQHandler
                        0x08003de1         Code  Wk  startup_stm32f4xx.o [1]
DMA1_Stream6_IRQHandler
                        0x08003de5         Code  Wk  startup_stm32f4xx.o [1]
DMA1_Stream7_IRQHandler
                        0x08003e5d         Code  Wk  startup_stm32f4xx.o [1]
DMA2_Stream0_IRQHandler
                        0x08003e81         Code  Wk  startup_stm32f4xx.o [1]
DMA2_Stream1_IRQHandler
                        0x08003e85         Code  Wk  startup_stm32f4xx.o [1]
DMA2_Stream2_IRQHandler
                        0x08003e89         Code  Wk  startup_stm32f4xx.o [1]
DMA2_Stream3_IRQHandler
                        0x08003e8d         Code  Wk  startup_stm32f4xx.o [1]
DMA2_Stream4_IRQHandler
                        0x08003e91         Code  Wk  startup_stm32f4xx.o [1]
DMA2_Stream5_IRQHandler
                        0x08003eb1         Code  Wk  startup_stm32f4xx.o [1]
DMA2_Stream6_IRQHandler
                        0x08003eb5         Code  Wk  startup_stm32f4xx.o [1]
DMA2_Stream7_IRQHandler
                        0x08003eb9         Code  Wk  startup_stm32f4xx.o [1]
DebugMon_Handler        0x08003b81    0x2  Code  Gb  stm32f4xx_it.o [1]
Delay                   0x0800382b   0x14  Code  Gb  main.o [1]
DemoEnterCondition      0x20001078    0x1  Data  Gb  main.o [1]
Demo_Exec               0x080037dd   0x4e  Code  Lc  main.o [1]
ETH_IRQHandler          0x08003e95         Code  Wk  startup_stm32f4xx.o [1]
ETH_WKUP_IRQHandler     0x08003e99         Code  Wk  startup_stm32f4xx.o [1]
EXTI0_IRQHandler        0x08003b8d    0xa  Code  Gb  stm32f4xx_it.o [1]
EXTI15_10_IRQHandler    0x08003e41         Code  Wk  startup_stm32f4xx.o [1]
EXTI1_IRQHandler        0x08003dbd         Code  Wk  startup_stm32f4xx.o [1]
EXTI2_IRQHandler        0x08003dc1         Code  Wk  startup_stm32f4xx.o [1]
EXTI3_IRQHandler        0x08003dc5         Code  Wk  startup_stm32f4xx.o [1]
EXTI4_IRQHandler        0x08003dc9         Code  Wk  startup_stm32f4xx.o [1]
EXTI9_5_IRQHandler      0x08003dfd         Code  Wk  startup_stm32f4xx.o [1]
EXTI_ClearITPendingBit  0x08001199    0x6  Code  Gb  stm32f4xx_exti.o [1]
EXTI_Init               0x08001111   0x88  Code  Gb  stm32f4xx_exti.o [1]
FLASH_IRQHandler        0x08003db1         Code  Wk  startup_stm32f4xx.o [1]
FPU_IRQHandler          0x08003ee5         Code  Wk  startup_stm32f4xx.o [1]
FSMC_IRQHandler         0x08003e61         Code  Wk  startup_stm32f4xx.o [1]
GPIO_CLK                0x08003d08   0x10  Data  Gb  stm32f4_discovery.o [1]
GPIO_Init               0x0800100d   0xaa  Code  Gb  stm32f4xx_gpio.o [1]
GPIO_PIN                0x08003d70    0x8  Data  Gb  stm32f4_discovery.o [1]
GPIO_PORT               0x200000fc   0x10  Data  Gb  stm32f4_discovery.o [1]
GPIO_PinAFConfig        0x080010b7   0x5a  Code  Gb  stm32f4xx_gpio.o [1]
HASH_RNG_IRQHandler     0x08003ee1         Code  Wk  startup_stm32f4xx.o [1]
HEAP$$Base              0x20001480          --   Gb  - Linker created -
HEAP$$Limit             0x20001680          --   Gb  - Linker created -
Handle_USBAsynchXfer    0x080034b3   0xda  Code  Lc  usbd_cdc_core.o [1]
HardFault_Handler       0x08003b77    0x2  Code  Gb  stm32f4xx_it.o [1]
I2C1_ER_IRQHandler      0x08003e21         Code  Wk  startup_stm32f4xx.o [1]
I2C1_EV_IRQHandler      0x08003e1d         Code  Wk  startup_stm32f4xx.o [1]
I2C2_ER_IRQHandler      0x08003e29         Code  Wk  startup_stm32f4xx.o [1]
I2C2_EV_IRQHandler      0x08003e25         Code  Wk  startup_stm32f4xx.o [1]
I2C3_ER_IRQHandler      0x08003ec5         Code  Wk  startup_stm32f4xx.o [1]
I2C3_EV_IRQHandler      0x08003ec1         Code  Wk  startup_stm32f4xx.o [1]
MemManage_Handler       0x08003b79    0x2  Code  Gb  stm32f4xx_it.o [1]
NMI_Handler             0x08003b75    0x2  Code  Gb  stm32f4xx_it.o [1]
NVIC_Init               0x080011bf   0x6a  Code  Gb  misc.o [1]
NVIC_PriorityGroupConfig
                        0x080011b5    0xa  Code  Gb  misc.o [1]
NVIC_SetPriority        0x08003745   0x22  Code  Lc  main.o [1]
OTG_FS_IRQHandler       0x08003bc1    0xa  Code  Gb  stm32f4xx_it.o [1]
OTG_FS_WKUP_IRQHandler  0x08003b97   0x2a  Code  Gb  stm32f4xx_it.o [1]
OTG_HS_EP1_IN_IRQHandler
                        0x08003ecd         Code  Wk  startup_stm32f4xx.o [1]
OTG_HS_EP1_OUT_IRQHandler
                        0x08003ec9         Code  Wk  startup_stm32f4xx.o [1]
OTG_HS_IRQHandler       0x08003ed5         Code  Wk  startup_stm32f4xx.o [1]
OTG_HS_WKUP_IRQHandler  0x08003ed1         Code  Wk  startup_stm32f4xx.o [1]
PVD_IRQHandler          0x08003da5         Code  Wk  startup_stm32f4xx.o [1]
PendSV_Handler          0x08003b83    0x2  Code  Gb  stm32f4xx_it.o [1]
RCC_AHB1PeriphClockCmd  0x08000f71   0x1e  Code  Gb  stm32f4xx_rcc.o [1]
RCC_AHB2PeriphClockCmd  0x08000f8f   0x1e  Code  Gb  stm32f4xx_rcc.o [1]
RCC_APB1PeriphResetCmd  0x08000fcb   0x1e  Code  Gb  stm32f4xx_rcc.o [1]
RCC_APB2PeriphClockCmd  0x08000fad   0x1e  Code  Gb  stm32f4xx_rcc.o [1]
RCC_GetClocksFreq       0x08000e71  0x100  Code  Gb  stm32f4xx_rcc.o [1]
RCC_IRQHandler          0x08003db5         Code  Wk  startup_stm32f4xx.o [1]
RTC_Alarm_IRQHandler    0x08003e45         Code  Wk  startup_stm32f4xx.o [1]
RTC_WKUP_IRQHandler     0x08003dad         Code  Wk  startup_stm32f4xx.o [1]
Region$$Table$$Base     0x08003c48          --   Gb  - Linker created -
Region$$Table$$Limit    0x08003c6c          --   Gb  - Linker created -
Reset_Handler           0x08003d49         Code  Wk  startup_stm32f4xx.o [1]
SDIO_IRQHandler         0x08003e65         Code  Wk  startup_stm32f4xx.o [1]
SPI1_IRQHandler         0x08003e2d         Code  Wk  startup_stm32f4xx.o [1]
SPI2_IRQHandler         0x08003e31         Code  Wk  startup_stm32f4xx.o [1]
SPI3_IRQHandler         0x08003e6d         Code  Wk  startup_stm32f4xx.o [1]
STM_EVAL_LEDInit        0x08003889   0x44  Code  Gb  stm32f4_discovery.o [1]
STM_EVAL_PBInit         0x080038cd   0xa2  Code  Gb  stm32f4_discovery.o [1]
SVC_Handler             0x08003b7f    0x2  Code  Gb  stm32f4xx_it.o [1]
SYSCFG_EXTILineConfig   0x080039bd   0x50  Code  Gb  stm32f4xx_syscfg.o [1]
SetSysClock             0x0800361b   0xf4  Code  Lc  system_stm32f4xx.o [1]
SysTick_Config          0x08003767   0x32  Code  Lc  main.o [1]
SysTick_Handler         0x08003b85    0x8  Code  Gb  stm32f4xx_it.o [1]
SystemInit              0x080035d5   0x46  Code  Gb  system_stm32f4xx.o [1]
TAMP_STAMP_IRQHandler   0x08003da9         Code  Wk  startup_stm32f4xx.o [1]
TIM1_BRK_TIM9_IRQHandler
                        0x08003e01         Code  Wk  startup_stm32f4xx.o [1]
TIM1_CC_IRQHandler      0x08003e0d         Code  Wk  startup_stm32f4xx.o [1]
TIM1_TRG_COM_TIM11_IRQHandler
                        0x08003e09         Code  Wk  startup_stm32f4xx.o [1]
TIM1_UP_TIM10_IRQHandler
                        0x08003e05         Code  Wk  startup_stm32f4xx.o [1]
TIM2_IRQHandler         0x08003e11         Code  Wk  startup_stm32f4xx.o [1]
TIM3_IRQHandler         0x08003e15         Code  Wk  startup_stm32f4xx.o [1]
TIM4_IRQHandler         0x08003e19         Code  Wk  startup_stm32f4xx.o [1]
TIM5_IRQHandler         0x08003e69         Code  Wk  startup_stm32f4xx.o [1]
TIM6_DAC_IRQHandler     0x08003e79         Code  Wk  startup_stm32f4xx.o [1]
TIM7_IRQHandler         0x08003e7d         Code  Wk  startup_stm32f4xx.o [1]
TIM8_BRK_TIM12_IRQHandler
                        0x08003e4d         Code  Wk  startup_stm32f4xx.o [1]
TIM8_CC_IRQHandler      0x08003e59         Code  Wk  startup_stm32f4xx.o [1]
TIM8_TRG_COM_TIM14_IRQHandler
                        0x08003e55         Code  Wk  startup_stm32f4xx.o [1]
TIM8_UP_TIM13_IRQHandler
                        0x08003e51         Code  Wk  startup_stm32f4xx.o [1]
TimingDelay             0x2000104c    0x4  Data  Gb  main.o [1]
TimingDelay_Decrement   0x0800383f   0x14  Code  Gb  main.o [1]
UART4_IRQHandler        0x08003e71         Code  Wk  startup_stm32f4xx.o [1]
UART5_IRQHandler        0x08003e75         Code  Wk  startup_stm32f4xx.o [1]
USART1_IRQHandler       0x08003e35         Code  Wk  startup_stm32f4xx.o [1]
USART2_IRQHandler       0x08003e39         Code  Wk  startup_stm32f4xx.o [1]
USART3_IRQHandler       0x08003e3d         Code  Wk  startup_stm32f4xx.o [1]
USART6_IRQHandler       0x08003ebd         Code  Wk  startup_stm32f4xx.o [1]
USBD_CDC_cb             0x20000044   0x2c  Data  Gb  usbd_cdc_core.o [1]
USBD_ClrCfg             0x08003203   0x18  Code  Gb  usbd_core.o [1]
USBD_ClrFeature         0x08002a9f   0x3a  Code  Lc  usbd_req.o [1]
USBD_CtlContinueRx      0x08002c2b   0x1e  Code  Gb  usbd_ioreq.o [1]
USBD_CtlContinueSendData
                        0x08002bdd   0x1e  Code  Gb  usbd_ioreq.o [1]
USBD_CtlError           0x08002b1d   0x36  Code  Gb  usbd_req.o [1]
USBD_CtlPrepareRx       0x08002bfb   0x30  Code  Gb  usbd_ioreq.o [1]
USBD_CtlReceiveStatus   0x08002c6d   0x24  Code  Gb  usbd_ioreq.o [1]
USBD_CtlSendData        0x08002bad   0x30  Code  Gb  usbd_ioreq.o [1]
USBD_CtlSendStatus      0x08002c49   0x24  Code  Gb  usbd_ioreq.o [1]
USBD_DCD_INT_cb         0x20000070   0x2c  Data  Gb  usbd_core.o [1]
USBD_DCD_INT_fops       0x20000124    0x4  Data  Gb  usbd_core.o [1]
USBD_DataInStage        0x080030ad   0xbe  Code  Lc  usbd_core.o [1]
USBD_DataOutStage       0x08003013   0x9a  Code  Lc  usbd_core.o [1]
USBD_DeInit             0x08002fbb    0x6  Code  Gb  usbd_core.o [1]
USBD_DeviceDesc         0x200000e8   0x14  Data  Gb  usbd_desc.o [1]
USBD_GetConfig          0x0800297f   0x48  Code  Lc  usbd_req.o [1]
USBD_GetDescriptor      0x08002723  0x136  Code  Lc  usbd_req.o [1]
USBD_GetLen             0x08002b99   0x14  Code  Lc  usbd_req.o [1]
USBD_GetStatus          0x080029c7   0x3c  Code  Lc  usbd_req.o [1]
USBD_GetString          0x08002b53   0x46  Code  Gb  usbd_req.o [1]
USBD_Init               0x08002f77   0x44  Code  Gb  usbd_core.o [1]
USBD_IsoINIncomplete    0x0800321b   0x12  Code  Lc  usbd_core.o [1]
USBD_IsoOUTIncomplete   0x0800322d   0x12  Code  Lc  usbd_core.o [1]
USBD_LangIDDesc         0x20000128    0x4  Data  Gb  usbd_desc.o [1]
USBD_OTG_ISR_Handler    0x08001e1d   0xe8  Code  Gb  usb_dcd_int.o [1]
USBD_ParseSetupRequest  0x08002ad9   0x44  Code  Gb  usbd_req.o [1]
USBD_Reset              0x0800316b   0x30  Code  Lc  usbd_core.o [1]
USBD_Resume             0x0800319b   0x16  Code  Lc  usbd_core.o [1]
USBD_SOF                0x080031c7   0x1c  Code  Lc  usbd_core.o [1]
USBD_SetAddress         0x08002859   0x60  Code  Lc  usbd_req.o [1]
USBD_SetCfg             0x080031e3   0x20  Code  Gb  usbd_core.o [1]
USBD_SetConfig          0x080028b9   0xc6  Code  Lc  usbd_req.o [1]
USBD_SetFeature         0x08002a15   0x8a  Code  Lc  usbd_req.o [1]
USBD_SetupStage         0x08002fc1   0x52  Code  Lc  usbd_core.o [1]
USBD_StdDevReq          0x080024ed   0x7c  Code  Gb  usbd_req.o [1]
USBD_StdEPReq           0x080025b9  0x16a  Code  Gb  usbd_req.o [1]
USBD_StdItfReq          0x08002569   0x50  Code  Gb  usbd_req.o [1]
USBD_StrDesc            0x20001008   0x34  Data  Gb  usbd_req.o [1]
USBD_Suspend            0x080031b1   0x16  Code  Lc  usbd_core.o [1]
USBD_USR_ConfigStrDescriptor
                        0x08003a85   0x26  Code  Gb  usbd_desc.o [1]
USBD_USR_DeviceConfigured
                        0x08001a1b    0x2  Code  Gb  usbd_usr.o [1]
USBD_USR_DeviceConnected
                        0x08001a1d    0x2  Code  Gb  usbd_usr.o [1]
USBD_USR_DeviceDescriptor
                        0x08003a11    0xa  Code  Gb  usbd_desc.o [1]
USBD_USR_DeviceDisconnected
                        0x08001a1f    0x2  Code  Gb  usbd_usr.o [1]
USBD_USR_DeviceReset    0x08001a09   0x12  Code  Gb  usbd_usr.o [1]
USBD_USR_DeviceResumed  0x08001a23    0x2  Code  Gb  usbd_usr.o [1]
USBD_USR_DeviceSuspended
                        0x08001a21    0x2  Code  Gb  usbd_usr.o [1]
USBD_USR_Init           0x08001a07    0x2  Code  Gb  usbd_usr.o [1]
USBD_USR_InterfaceStrDescriptor
                        0x08003aab   0x26  Code  Gb  usbd_desc.o [1]
USBD_USR_LangIDStrDescriptor
                        0x08003a1b    0xa  Code  Gb  usbd_desc.o [1]
USBD_USR_ManufacturerStrDescriptor
                        0x08003a4b   0x14  Code  Gb  usbd_desc.o [1]
USBD_USR_ProductStrDescriptor
                        0x08003a25   0x26  Code  Gb  usbd_desc.o [1]
USBD_USR_SerialStrDescriptor
                        0x08003a5f   0x26  Code  Gb  usbd_desc.o [1]
USBD_cdc_GetCfgDesc     0x0800358d    0xa  Code  Lc  usbd_cdc_core.o [1]
USBD_cfg_status         0x20001070    0x4  Data  Gb  usbd_req.o [1]
USBD_default_cfg        0x2000106c    0x4  Data  Gb  usbd_req.o [1]
USBD_ep_status          0x20001068    0x4  Data  Gb  usbd_req.o [1]
USB_OTG_BSP_EnableInterrupt
                        0x08000e19   0x2e  Code  Gb  usb_bsp.o [1]
USB_OTG_BSP_Init        0x08000d6d   0xa8  Code  Gb  usb_bsp.o [1]
USB_OTG_BSP_mDelay      0x08000e5f   0x12  Code  Gb  usb_bsp.o [1]
USB_OTG_BSP_uDelay      0x08000e47   0x18  Code  Gb  usb_bsp.o [1]
USB_OTG_CoreInit        0x08000367  0x134  Code  Gb  usb_core.o [1]
USB_OTG_CoreInitDev     0x080005eb  0x1a4  Code  Gb  usb_core.o [1]
USB_OTG_CoreReset       0x080001ab   0x66  Code  Lc  usb_core.o [1]
USB_OTG_DisableGlobalInt
                        0x080004b9   0x1e  Code  Gb  usb_core.o [1]
USB_OTG_EP0Activate     0x0800081d   0x52  Code  Gb  usb_core.o [1]
USB_OTG_EP0StartXfer    0x08000acd  0x12c  Code  Gb  usb_core.o [1]
USB_OTG_EP0_OutStart    0x08000cc1   0x52  Code  Gb  usb_core.o [1]
USB_OTG_EPActivate      0x0800086f   0x7a  Code  Gb  usb_core.o [1]
USB_OTG_EPClearStall    0x08000c41   0x46  Code  Gb  usb_core.o [1]
USB_OTG_EPDeactivate    0x080008e9   0x58  Code  Gb  usb_core.o [1]
USB_OTG_EPSetStall      0x08000bf9   0x48  Code  Gb  usb_core.o [1]
USB_OTG_EPStartXfer     0x08000941  0x18c  Code  Gb  usb_core.o [1]
USB_OTG_EnableCommonInt
                        0x08000189   0x22  Code  Lc  usb_core.o [1]
USB_OTG_EnableDevInt    0x0800078f   0x5a  Code  Gb  usb_core.o [1]
USB_OTG_EnableGlobalInt
                        0x0800049b   0x1e  Code  Gb  usb_core.o [1]
USB_OTG_FlushRxFifo     0x0800051f   0x40  Code  Gb  usb_core.o [1]
USB_OTG_FlushTxFifo     0x080004d7   0x48  Code  Gb  usb_core.o [1]
USB_OTG_GetDeviceSpeed  0x080007e9   0x34  Code  Gb  usb_core.o [1]
USB_OTG_GetMode         0x080005a5    0xa  Code  Gb  usb_core.o [1]
USB_OTG_InitDevSpeed    0x080005d9   0x12  Code  Gb  usb_core.o [1]
USB_OTG_IsDeviceMode    0x080005af   0x18  Code  Gb  usb_core.o [1]
USB_OTG_ReadCoreItr     0x080005c7   0x12  Code  Gb  usb_core.o [1]
USB_OTG_ReadDevAllInEPItr
                        0x08000caf   0x12  Code  Gb  usb_core.o [1]
USB_OTG_ReadDevAllOutEp_itr
                        0x08000c87   0x12  Code  Gb  usb_core.o [1]
USB_OTG_ReadDevOutEP_itr
                        0x08000c99   0x16  Code  Gb  usb_core.o [1]
USB_OTG_ReadPacket      0x08000259   0x2c  Code  Gb  usb_core.o [1]
USB_OTG_SelectCore      0x08000285   0xe2  Code  Gb  usb_core.o [1]
USB_OTG_SetCurrentMode  0x08000569   0x3c  Code  Gb  usb_core.o [1]
USB_OTG_UngateClock     0x08000d13   0x2c  Code  Gb  usb_core.o [1]
USB_OTG_WritePacket     0x08000211   0x48  Code  Gb  usb_core.o [1]
USB_OTG_dev             0x2000092c  0x5f0  Data  Gb  main.o [1]
USB_Rx_Buffer           0x20000f90   0x40  Data  Gb  usbd_cdc_core.o [1]
USB_Tx_State            0x2000107a    0x1  Data  Gb  usbd_cdc_core.o [1]
USR_cb                  0x200000b8   0x1c  Data  Gb  usbd_usr.o [1]
USR_desc                0x2000009c   0x1c  Data  Gb  usbd_desc.o [1]
UsageFault_Handler      0x08003b7d    0x2  Code  Gb  stm32f4xx_it.o [1]
UserButtonPressed       0x20001079    0x1  Data  Gb  main.o [1]
VCP_Ctrl                0x08003b01   0x40  Code  Lc  usbd_cdc_vcp.o [1]
VCP_DataRx              0x08003b41    0x6  Code  Lc  usbd_cdc_vcp.o [1]
VCP_DeInit              0x08003afd    0x4  Code  Lc  usbd_cdc_vcp.o [1]
VCP_Init                0x08003af9    0x4  Code  Lc  usbd_cdc_vcp.o [1]
VCP_fops                0x200000d4   0x14  Data  Gb  usbd_cdc_vcp.o [1]
WWDG_IRQHandler         0x08003da1         Code  Wk  startup_stm32f4xx.o [1]
_EncodingSb_Mbtowc      0x08001c91   0x30  Code  Gb  xencoding_sb.o [3]
_EncodingSb_Wctomb      0x08001c75   0x1c  Code  Gb  xencoding_sb.o [3]
_IsdstStr               0x20000f20    0x4  Data  Gb  setlocale.o [3]
_LitobSmall             0x08001863   0xd0  Code  Lc  xprintfsmall.o [3]
_LocaleEncoding         0x08001c61    0xe  Code  Gb  setlocale.o [3]
_LocaleReturnString     0x20000f40   0x50  Data  Lc  setlocale.o [3]
_Locale_Profile         0x20000f24   0x1c  Data  Gb  setlocale.o [3]
_Mbtowc                 0x08001979   0x20  Code  Gb  xmbtowc.o [3]
_PrintfSmall            0x0800123d  0x41e  Code  Gb  xprintfsmall.o [3]
_Prout                  0x08003ccd   0x16  Code  Gb  xprout.o [3]
_PutcharsSmall          0x08001933   0x2e  Code  Lc  xprintfsmall.o [3]
_PutstrSmall            0x0800165b  0x202  Code  Lc  xprintfsmall.o [3]
_TzoneStr               0x20000f1c    0x4  Data  Gb  setlocale.o [3]
_Wctomb                 0x08001b45   0x1a  Code  Gb  xwctomb.o [3]
__aeabi_memcpy          0x08001b61         Code  Gb  ABImemcpy.o [5]
__aeabi_memcpy4         0x08001b81         Code  Gb  ABImemcpy.o [5]
__aeabi_memcpy8         0x08001b81         Code  Gb  ABImemcpy.o [5]
__cexit_clearlocks      0x08003cab         Code  Gb  cexit.o [5]
__cmain                 0x08003c89         Code  Gb  cmain.o [5]
__cstart_clearlocks     0x08003ee8         Data  Gb  cstart_clearlocks.o [5]
__data_Aldata           0x20001044    0x8  Data  Gb  xxmemxmalloc.o [3]
__data_GetMemChunk      0x08001de5   0x28  Code  Gb  xgetmemchunk.o [3]
__exit                  0x08003cb9   0x14  Code  Gb  exit.o [6]
__iar_Locksyslock       0x08001d45   0x88  Code  Gb  xsyslock.o [3]
__iar_Mbcurmax          0x08001a7d    0xa  Code  Gb  xmbcurmax.o [3]
__iar_Memchr            0x08001a25         Code  Gb  memchr.o [5]
__iar_SB                0x08003ee8         Data  Gb  bwt_init3c.o [5]
__iar_Strchr            0x08001999         Code  Gb  strchr.o [5]
__iar_Unlocksyslock     0x08001dcd   0x12  Code  Gb  xsyslock.o [3]
__iar_clearlocks        0x08001cd1   0x74  Code  Gb  xsyslock.o [3]
__iar_copy_init3        0x08000d3f   0x2e  Code  Gb  copy_init3.o [5]
__iar_data_init3        0x08003bd5   0x2c  Code  Gb  data_init3.o [5]
__iar_dlib_perthread_access
                        0x08001e0d    0x2  Code  Gb  xtls.o [3]
__iar_file_Mtxdst       0x08001e11    0x2  Code  Gb  xmtx2.o [3]
__iar_file_Mtxinit      0x08001e0f    0x2  Code  Gb  xmtx2.o [3]
__iar_init_vfp          0x08003c6d         Code  Gb  fpinit_M.o [4]
__iar_program_start     0x08003d65         Code  Gb  cstartup_M.o [5]
__iar_system_Mtxdst     0x08001e15    0x2  Code  Gb  xmtx.o [3]
__iar_system_Mtxinit    0x08001e13    0x2  Code  Gb  xmtx.o [3]
__iar_system_Mtxlock    0x08001e17    0x2  Code  Gb  xmtx.o [3]
__iar_system_Mtxunlock  0x08001e19    0x2  Code  Gb  xmtx.o [3]
__iar_zero_init3        0x080019af   0x22  Code  Gb  zero_init3.o [5]
__low_level_init        0x08003c9f    0x4  Code  Gb  low_level_init.o [3]
__vector_table          0x08000000         Data  Gb  startup_stm32f4xx.o [1]
_call_main              0x08003c95         Code  Gb  cmain.o [5]
_exit                   0x08003ca9         Code  Gb  cexit.o [5]
_main                   0x08003c9b         Code  Gb  cmain.o [5]
cdcCmd                  0x20000120    0x4  Data  Lc  usbd_cdc_core.o [1]
cdcLen                  0x20001060    0x4  Data  Lc  usbd_cdc_core.o [1]
exit                    0x08003ca3    0x4  Code  Gb  exit.o [3]
file_mtx                0x20000fd4   0x20  Data  Lc  xsyslock.o [3]
free                    0x08001bd9   0x82  Code  Gb  xxmemxfree.o [3]
main                    0x08003799   0x42  Code  Gb  main.o [1]
malloc                  0x08001a89   0xb6  Code  Gb  xxmemxmalloc.o [3]
memchr                  0x08001a25         Code  Gb  memchr.o [5]
mtx                     0x20000ff4   0x14  Data  Lc  xsyslock.o [3]
printf                  0x08003999   0x24  Code  Gb  printf.o [3]
putchar                 0x08003b47   0x24  Code  Gb  usbd_cdc_vcp.o [1]
strchr                  0x08001999         Code  Gb  strchr.o [5]
strlen                  0x080019d1         Code  Gb  strlen.o [5]
syslock_o               0x20000fd0    0x4  Data  Lc  xsyslock.o [3]
usbd_cdc_AltSet         0x20001050    0x4  Data  Lc  usbd_cdc_core.o [1]
usbd_cdc_CfgDesc        0x20000000   0x44  Data  Gb  usbd_cdc_core.o [1]
usbd_cdc_DataIn         0x080033bf   0x9c  Code  Lc  usbd_cdc_core.o [1]
usbd_cdc_DataOut        0x0800345b   0x36  Code  Lc  usbd_cdc_core.o [1]
usbd_cdc_DeInit         0x080032a1   0x28  Code  Lc  usbd_cdc_core.o [1]
usbd_cdc_EP0_RxReady    0x08003399   0x26  Code  Lc  usbd_cdc_core.o [1]
usbd_cdc_Init           0x08003241   0x60  Code  Lc  usbd_cdc_core.o [1]
usbd_cdc_SOF            0x08003491   0x22  Code  Lc  usbd_cdc_core.o [1]
usbd_cdc_Setup          0x080032c9   0xd0  Code  Lc  usbd_cdc_core.o [1]


[1] = D:\MYPROGS\STM32F4\my_proj\my_usb_cdc_print\EWARM\Demo\Obj
[2] = command line
[3] = dl7M_tlf.a
[4] = m7M_tlv.a
[5] = rt7M_tl.a
[6] = shb_l.a

  15 863 bytes of readonly  code memory
     541 bytes of readonly  data memory
   5 756 bytes of readwrite data memory

Errors: none
Warnings: none
